HPVsim 2.2.4 (2025-08-20) — © 2023-2025 by IDM
['C:\\Users\\richa\\OneDrive - Nexus365\\Documents\\HPV sim Project\\Summer\\hpvsim_working']
Loading location-specific demographic data for "united kingdom"
C:\Users\richa\OneDrive - Nexus365\Documents\HPV sim Project\Summer\hpvsim_working\interventions.py:364: RuntimeWarning: invalid value encountered in power
  if self.annual_prob: self.prob = 1-(1-self.prob)**sim['dt']
Loading location-specific data for "united kingdom"
Interpretable -> runtime parameters  [age+community bipartite dcSBM]
  N_U=76204  N_V=76036
  partners/yr = 1.5  ->  momentary mean degree k_snap = 1.0596
  Gamma shape: U=5.0  V=5.0   theta_floor=0.0  (CV_U=0.45)
  durations: short=12.3 (q=0.0813), long=172.9 (q=0.0058); standing long-frac target=0.618
  communities=4, age bands=16 (edges=(5.0, 10.0, 15.0, 20.0, 25.0, 30.0, 35.0, 40.0, 45.0, 50.0, 55.0, 60.0, 65.0, 70.0, 75.0)); blocks=64
  rho=1.392066e-05  (should be << 1)
  1900: agents 204413, alive 201976, memory 1016 MB, 35s
  1910: agents 253878, alive 225184, memory 1109 MB, 129s
  1920: agents 293187, alive 233162, memory 1128 MB, 223s
  1930: agents 333188, alive 236102, memory 1268 MB, 318s
  1940: agents 373776, alive 239502, memory 1274 MB, 416s
  1950: agents 415025, alive 245193, memory 1283 MB, 517s
  1960: agents 457038, alive 254129, memory 1439 MB, 624s
  1970: agents 504692, alive 268770, memory 1465 MB, 734s
