HPVsim 2.2.4 (2025-08-20) — © 2023-2025 by IDM
['C:\\Users\\richa\\OneDrive - Nexus365\\Documents\\HPV sim Project\\Summer\\hpvsim_working']
Loading location-specific demographic data for "united kingdom"
C:\Users\richa\OneDrive - Nexus365\Documents\HPV sim Project\Summer\hpvsim_working\interventions.py:364: RuntimeWarning: invalid value encountered in power
  if self.annual_prob: self.prob = 1-(1-self.prob)**sim['dt']
Loading location-specific data for "united kingdom"
Interpretable -> runtime parameters  [age+community bipartite dcSBM]
  N_U=76090  N_V=76123
  partners/yr = 1.5  ->  momentary mean degree k_snap = 1.0596
  Gamma shape: U=5.0  V=5.0   theta_floor=0.0  (CV_U=0.45)
  durations: short=12.3 (q=0.0813), long=172.9 (q=0.0058); standing long-frac target=0.618
  communities=4, age bands=16 (edges=(5.0, 10.0, 15.0, 20.0, 25.0, 30.0, 35.0, 40.0, 45.0, 50.0, 55.0, 60.0, 65.0, 70.0, 75.0)); blocks=64
  rho=1.392312e-05  (should be << 1)
  1900: agents 204484, alive 201949, memory 1012 MB, 30s
  1910: agents 253801, alive 225362, memory 1112 MB, 124s
  1920: agents 293250, alive 233750, memory 1152 MB, 220s
  1930: agents 333131, alive 236563, memory 1268 MB, 318s
  1940: agents 373786, alive 239848, memory 1273 MB, 417s
  1950: agents 415216, alive 246108, memory 1280 MB, 518s
  1960: agents 457380, alive 255241, memory 1443 MB, 626s
  1970: agents 505354, alive 270027, memory 1472 MB, 737s
