HPVsim 2.2.4 (2025-08-20) — © 2023-2025 by IDM
['C:\\Users\\richa\\OneDrive - Nexus365\\Documents\\HPV sim Project\\Summer\\hpvsim_working']
6 sims: 20000 agents, 1950-2090, snapshots [1995, 2000, 2005, 2010, 2015, 2020, 2025, 2030, 2035, 2040, 2045, 2050]
HPVsim 2.2.4 (2025-08-20) — © 2023-2025 by IDM
HPVsim 2.2.4 (2025-08-20) — © 2023-2025 by IDM
HPVsim 2.2.4 (2025-08-20) — © 2023-2025 by IDM
HPVsim 2.2.4 (2025-08-20) — © 2023-2025 by IDM
HPVsim 2.2.4 (2025-08-20) — © 2023-2025 by IDM
HPVsim 2.2.4 (2025-08-20) — © 2023-2025 by IDM
HPVsim 2.2.4 (2025-08-20) — © 2023-2025 by IDM
['C:\\Users\\richa\\OneDrive - Nexus365\\Documents\\HPV sim Project\\Summer\\hpvsim_working']
['C:\\Users\\richa\\OneDrive - Nexus365\\Documents\\HPV sim Project\\Summer\\hpvsim_working']
['C:\\Users\\richa\\OneDrive - Nexus365\\Documents\\HPV sim Project\\Summer\\hpvsim_working']
['C:\\Users\\richa\\OneDrive - Nexus365\\Documents\\HPV sim Project\\Summer\\hpvsim_working']
['C:\\Users\\richa\\OneDrive - Nexus365\\Documents\\HPV sim Project\\Summer\\hpvsim_working']
['C:\\Users\\richa\\OneDrive - Nexus365\\Documents\\HPV sim Project\\Summer\\hpvsim_working']
['C:\\Users\\richa\\OneDrive - Nexus365\\Documents\\HPV sim Project\\Summer\\hpvsim_working']
Loading location-specific demographic data for "united kingdom"
Loading location-specific demographic data for "united kingdom"
Loading location-specific demographic data for "united kingdom"
Loading location-specific demographic data for "united kingdom"
Loading location-specific demographic data for "united kingdom"
Loading location-specific demographic data for "united kingdom"
Loading location-specific data for "united kingdom"
C:\Users\richa\OneDrive - Nexus365\Documents\HPV sim Project\Summer\hpvsim_working\interventions.py:364: RuntimeWarning: invalid value encountered in power
  if self.annual_prob: self.prob = 1-(1-self.prob)**sim['dt']
Loading location-specific data for "united kingdom"
Loading location-specific data for "united kingdom"
C:\Users\richa\OneDrive - Nexus365\Documents\HPV sim Project\Summer\hpvsim_working\interventions.py:364: RuntimeWarning: invalid value encountered in power
  if self.annual_prob: self.prob = 1-(1-self.prob)**sim['dt']
Loading location-specific data for "united kingdom"
C:\Users\richa\OneDrive - Nexus365\Documents\HPV sim Project\Summer\hpvsim_working\interventions.py:364: RuntimeWarning: invalid value encountered in power
  if self.annual_prob: self.prob = 1-(1-self.prob)**sim['dt']
Loading location-specific data for "united kingdom"
Loading location-specific data for "united kingdom"
Sim("novacc_2"; 1950 to 2090; pop: 20000 default; epi: 2.71957e+09⚙, 9.9912e+06♋︎)
Sim("novacc_0"; 1950 to 2090; pop: 20000 default; epi: 2.7261e+09⚙, 1.02159e+07♋︎)
Sim("novacc_1"; 1950 to 2090; pop: 20000 default; epi: 2.67725e+09⚙, 9.82393e+06♋︎)
Sim("vacc_1"; 1950 to 2090; pop: 20000 default; epi: 2.4331e+09⚙, 8.34098e+06♋︎)
Sim("vacc_2"; 1950 to 2090; pop: 20000 default; epi: 2.4323e+09⚙, 7.98897e+06♋︎)
Sim("vacc_0"; 1950 to 2090; pop: 20000 default; epi: 2.42135e+09⚙, 8.31352e+06♋︎)
vacc seed 0: sim 77s, analysis 3660s
vacc seed 1: sim 77s, analysis 3706s
vacc seed 2: sim 77s, analysis 3738s
novacc seed 1: sim 73s, analysis 3750s
novacc seed 0: sim 73s, analysis 3772s
novacc seed 2: sim 72s, analysis 3817s
all done: 3940 s
estimator                R0  R_intro  ...  analytic_real_dur  empirical
scen   genotype year                  ...                              
novacc hi5      1995  1.198    0.776  ...              0.000      0.000
                2000  1.194    0.778  ...              0.000      0.000
                2005  1.206    0.793  ...              0.000      0.000
                2010  1.194    0.793  ...              0.000      0.000
                2015  1.181    0.776  ...              0.000      0.000
                2020  1.163    0.770  ...                NaN        NaN
                2025  1.154    0.773  ...                NaN        NaN
                2030  1.158    0.775  ...                NaN        NaN
                2035  1.150    0.767  ...                NaN        NaN
                2040  1.141    0.753  ...                NaN        NaN
                2045  1.131    0.739  ...                NaN        NaN
                2050  1.117    0.737  ...                NaN        NaN
       hpv16    1995  2.539    0.878  ...              0.979      0.915
                2000  2.534    0.895  ...              1.045      0.981
                2005  2.549    0.925  ...              1.124      1.049
                2010  2.543    0.931  ...              1.161      1.058
                2015  2.479    0.887  ...              1.044      0.977
                2020  2.447    0.896  ...              1.046      0.972
                2025  2.430    0.920  ...              1.135      1.037
                2030  2.449    0.936  ...              1.137      1.035
                2035  2.425    0.908  ...              1.050      0.944
                2040  2.382    0.868  ...              1.043      0.981
                2045  2.345    0.864  ...              0.988      0.920
                2050  2.325    0.860  ...              1.110      1.002
       hpv18    1995  2.320    0.878  ...              1.085      1.021
                2000  2.312    0.868  ...              1.116      1.017
                2005  2.319    0.900  ...              1.044      0.972
                2010  2.308    0.911  ...              1.090      1.001
                2015  2.255    0.870  ...              1.007      0.931
                2020  2.223    0.873  ...              1.090      1.018
                2025  2.221    0.899  ...              1.099      1.016
                2030  2.232    0.913  ...              1.182      1.109
                2035  2.216    0.885  ...              1.080      0.986
                2040  2.155    0.846  ...              1.008      0.919
                2045  2.138    0.837  ...              1.039      0.966
                2050  2.115    0.835  ...              1.054      0.999
       ohr      1995  2.567    1.047  ...              1.038      1.000
                2000  2.564    1.051  ...              1.077      1.030
                2005  2.584    1.082  ...              1.063      1.016
                2010  2.551    1.081  ...              1.094      1.041
                2015  2.504    1.053  ...              1.024      0.978
                2020  2.476    1.057  ...              1.031      0.986
                2025  2.469    1.089  ...              1.129      1.071
                2030  2.476    1.090  ...              1.163      1.112
                2035  2.470    1.073  ...              1.077      1.024
                2040  2.413    1.023  ...              1.020      0.966
                2045  2.398    1.016  ...              1.014      0.985
                2050  2.374    1.015  ...              1.034      0.997
vacc   hi5      1995  1.202    0.779  ...              0.000      0.000
                2000  1.194    0.779  ...              0.000      0.000
                2005  1.200    0.789  ...              0.000      0.000
                2010  1.182    0.786  ...              0.000      0.000
                2015  1.129    0.746  ...                NaN        NaN
                2020  1.062    0.717  ...              0.000      0.000
                2025  1.005    0.702  ...                NaN        NaN
                2030  0.984    0.711  ...                NaN        NaN
                2035  0.963    0.715  ...                NaN        NaN
                2040  0.943    0.708  ...                NaN        NaN
                2045  0.916    0.701  ...                NaN        NaN
                2050  0.888    0.690  ...                NaN        NaN
       hpv16    1995  2.532    0.882  ...              0.976      0.914
                2000  2.528    0.886  ...              1.048      0.985
                2005  2.546    0.924  ...              1.118      1.043
                2010  2.458    0.886  ...              0.989      0.938
                2015  2.263    0.807  ...              0.803      0.787
                2020  2.109    0.833  ...              0.775      0.760
                2025  1.956    0.872  ...              0.772      0.762
                2030  1.832    0.885  ...              0.863      0.847
                2035  1.704    0.891  ...              0.828      0.799
                2040  1.603    0.881  ...              0.743      0.752
                2045  1.492    0.879  ...              0.776      0.726
                2050  1.380    0.840  ...              0.661      0.664
       hpv18    1995  2.327    0.865  ...              1.107      1.030
                2000  2.308    0.865  ...              1.112      1.030
                2005  2.319    0.897  ...              1.056      0.978
                2010  2.257    0.865  ...              1.046      0.999
                2015  2.081    0.794  ...              0.832      0.794
                2020  1.929    0.806  ...              0.744      0.714
                2025  1.799    0.841  ...              0.750      0.711
                2030  1.682    0.841  ...              0.649      0.615
                2035  1.561    0.840  ...              0.562      0.584
                2040  1.466    0.832  ...              0.506      0.462
                2045  1.368    0.821  ...              0.666      0.658
                2050  1.266    0.788  ...              0.519      0.485
       ohr      1995  2.566    1.053  ...              1.038      0.992
                2000  2.556    1.054  ...              1.095      1.057
                2005  2.572    1.080  ...              1.058      1.000
                2010  2.548    1.071  ...              1.094      1.031
                2015  2.465    1.061  ...              1.146      1.083
                2020  2.429    1.076  ...              1.088      1.031
                2025  2.435    1.129  ...              1.171      1.113
                2030  2.435    1.160  ...              1.154      1.108
                2035  2.408    1.149  ...              1.124      1.093
                2040  2.386    1.126  ...              1.080      1.058
                2045  2.351    1.127  ...              1.038      1.019
                2050  2.324    1.130  ...              1.034      1.004

[96 rows x 7 columns]
