HPVsim 2.2.4 (2025-08-20) — © 2023-2025 by IDM
['C:\\Users\\richa\\OneDrive - Nexus365\\Documents\\HPV sim Project\\Summer\\hpvsim_working']
Ground truth: 6 outbreaks, 100,000 agents, 1900-1950, cases infected 1903-1913
HPVsim 2.2.4 (2025-08-20) — © 2023-2025 by IDM
['C:\\Users\\richa\\OneDrive - Nexus365\\Documents\\HPV sim Project\\Summer\\hpvsim_working']
HPVsim 2.2.4 (2025-08-20) — © 2023-2025 by IDM
['C:\\Users\\richa\\OneDrive - Nexus365\\Documents\\HPV sim Project\\Summer\\hpvsim_working']
HPVsim 2.2.4 (2025-08-20) — © 2023-2025 by IDM
['C:\\Users\\richa\\OneDrive - Nexus365\\Documents\\HPV sim Project\\Summer\\hpvsim_working']
HPVsim 2.2.4 (2025-08-20) — © 2023-2025 by IDM
['C:\\Users\\richa\\OneDrive - Nexus365\\Documents\\HPV sim Project\\Summer\\hpvsim_working']
HPVsim 2.2.4 (2025-08-20) — © 2023-2025 by IDM
['C:\\Users\\richa\\OneDrive - Nexus365\\Documents\\HPV sim Project\\Summer\\hpvsim_working']
HPVsim 2.2.4 (2025-08-20) — © 2023-2025 by IDM
['C:\\Users\\richa\\OneDrive - Nexus365\\Documents\\HPV sim Project\\Summer\\hpvsim_working']
Loading location-specific demographic data for "united kingdom"
Loading location-specific demographic data for "united kingdom"
Loading location-specific demographic data for "united kingdom"
Loading location-specific demographic data for "united kingdom"
Loading location-specific demographic data for "united kingdom"
Loading location-specific data for "united kingdom"
Loading location-specific data for "united kingdom"
Loading location-specific data for "united kingdom"
Loading location-specific data for "united kingdom"
Loading location-specific data for "united kingdom"
Sim(<no label>; 1900 to 1950; pop: 100000 default; epi: 5.37304e+07⚙, 47784♋︎)
Loading location-specific demographic data for "united kingdom"
Sim(<no label>; 1900 to 1950; pop: 100000 default; epi: 5.70241e+07⚙, 58768.8♋︎)
Loading location-specific data for "united kingdom"
Sim(<no label>; 1900 to 1950; pop: 100000 default; epi: 2.08973e+08⚙, 179053♋︎)
Sim(<no label>; 1900 to 1950; pop: 100000 default; epi: 5.62575e+07⚙, 56272.3♋︎)
Sim(<no label>; 1900 to 1950; pop: 100000 default; epi: 2.01851e+08⚙, 186243♋︎)
Sim(<no label>; 1900 to 1950; pop: 100000 default; epi: 2.08829e+08⚙, 189039♋︎)
genotype    hi5  hpv16  hpv18
beta                         
0.025     1.125  1.348  1.028
0.035     1.326  1.479  1.285
wrote C:\Users\richa\OneDrive - Nexus365\Documents\HPV sim Project\Summer\csvs\default_meandeg1p4_vaxgeno_100k_1900_2050_50runs_r0_ground_truth_refine2.csv
