HPVsim 2.2.4 (2025-08-20) — © 2023-2025 by IDM
['C:\\Users\\richa\\OneDrive - Nexus365\\Documents\\HPV sim Project\\Summer\\hpvsim_working']
Ground truth: 27 outbreaks, 100,000 agents, 1900-1950, cases infected 1903-1913
HPVsim 2.2.4 (2025-08-20) — © 2023-2025 by IDM
['C:\\Users\\richa\\OneDrive - Nexus365\\Documents\\HPV sim Project\\Summer\\hpvsim_working']
HPVsim 2.2.4 (2025-08-20) — © 2023-2025 by IDM
['C:\\Users\\richa\\OneDrive - Nexus365\\Documents\\HPV sim Project\\Summer\\hpvsim_working']
HPVsim 2.2.4 (2025-08-20) — © 2023-2025 by IDM
['C:\\Users\\richa\\OneDrive - Nexus365\\Documents\\HPV sim Project\\Summer\\hpvsim_working']
HPVsim 2.2.4 (2025-08-20) — © 2023-2025 by IDM
['C:\\Users\\richa\\OneDrive - Nexus365\\Documents\\HPV sim Project\\Summer\\hpvsim_working']
HPVsim 2.2.4 (2025-08-20) — © 2023-2025 by IDM
['C:\\Users\\richa\\OneDrive - Nexus365\\Documents\\HPV sim Project\\Summer\\hpvsim_working']
Loading location-specific demographic data for "united kingdom"
Loading location-specific demographic data for "united kingdom"
Loading location-specific demographic data for "united kingdom"
Loading location-specific demographic data for "united kingdom"
Loading location-specific data for "united kingdom"
Loading location-specific data for "united kingdom"
Loading location-specific data for "united kingdom"
Loading location-specific data for "united kingdom"
Sim(<no label>; 1900 to 1950; pop: 100000 default; epi: 7.71374e+08⚙, 565769♋︎)
Loading location-specific demographic data for "united kingdom"
Loading location-specific data for "united kingdom"
Sim(<no label>; 1900 to 1950; pop: 100000 default; epi: 9.17475e+08⚙, 634923♋︎)
Loading location-specific demographic data for "united kingdom"
Loading location-specific data for "united kingdom"
Sim(<no label>; 1900 to 1950; pop: 100000 default; epi: 1.04592e+09⚙, 696438♋︎)
Loading location-specific demographic data for "united kingdom"
Sim(<no label>; 1900 to 1950; pop: 100000 default; epi: 1.04401e+09⚙, 696388♋︎)
Loading location-specific demographic data for "united kingdom"
Loading location-specific data for "united kingdom"
Loading location-specific data for "united kingdom"
Sim(<no label>; 1900 to 1950; pop: 100000 default; epi: 7.59402e+08⚙, 562923♋︎)
Loading location-specific demographic data for "united kingdom"
Loading location-specific data for "united kingdom"
Sim(<no label>; 1900 to 1950; pop: 100000 default; epi: 9.19693e+08⚙, 641214♋︎)
Sim(<no label>; 1900 to 1950; pop: 100000 default; epi: 9.06758e+08⚙, 634324♋︎)
Loading location-specific demographic data for "united kingdom"
Sim(<no label>; 1900 to 1950; pop: 100000 default; epi: 1.04176e+09⚙, 688299♋︎)
Loading location-specific data for "united kingdom"
Loading location-specific demographic data for "united kingdom"
Loading location-specific data for "united kingdom"
Loading location-specific demographic data for "united kingdom"
Loading location-specific data for "united kingdom"
Sim(<no label>; 1900 to 1950; pop: 100000 default; epi: 7.69602e+08⚙, 564970♋︎)
Loading location-specific demographic data for "united kingdom"
Loading location-specific data for "united kingdom"
Sim(<no label>; 1900 to 1950; pop: 100000 default; epi: 6.01796e+08⚙, 466056♋︎)
Loading location-specific demographic data for "united kingdom"
Loading location-specific data for "united kingdom"
Sim(<no label>; 1900 to 1950; pop: 100000 default; epi: 4.13655e+08⚙, 349318♋︎)
Loading location-specific demographic data for "united kingdom"
Sim(<no label>; 1900 to 1950; pop: 100000 default; epi: 4.12299e+08⚙, 349318♋︎)
Loading location-specific demographic data for "united kingdom"
Loading location-specific data for "united kingdom"
Loading location-specific data for "united kingdom"
Sim(<no label>; 1900 to 1950; pop: 100000 default; epi: 5.96186e+08⚙, 460464♋︎)
Loading location-specific demographic data for "united kingdom"
Loading location-specific data for "united kingdom"
Sim(<no label>; 1900 to 1950; pop: 100000 default; epi: 5.91553e+08⚙, 462461♋︎)
Sim(<no label>; 1900 to 1950; pop: 100000 default; epi: 1.89325e+08⚙, 168617♋︎)
Loading location-specific demographic data for "united kingdom"
Loading location-specific demographic data for "united kingdom"
Loading location-specific data for "united kingdom"
Loading location-specific data for "united kingdom"
Sim(<no label>; 1900 to 1950; pop: 100000 default; epi: 4.15394e+08⚙, 338333♋︎)
Loading location-specific demographic data for "united kingdom"
Loading location-specific data for "united kingdom"
Sim(<no label>; 1900 to 1950; pop: 100000 default; epi: 1.97511e+08⚙, 176906♋︎)
Loading location-specific demographic data for "united kingdom"
Loading location-specific data for "united kingdom"
Sim(<no label>; 1900 to 1950; pop: 100000 default; epi: 4.71537e+07⚙, 45886.6♋︎)
Loading location-specific demographic data for "united kingdom"
Sim(<no label>; 1900 to 1950; pop: 100000 default; epi: 5.81517e+07⚙, 62613.5♋︎)
Loading location-specific demographic data for "united kingdom"
Loading location-specific data for "united kingdom"
Loading location-specific data for "united kingdom"
Sim(<no label>; 1900 to 1950; pop: 100000 default; epi: 7.99696e+06⚙, 10685.2♋︎)
Loading location-specific demographic data for "united kingdom"
Loading location-specific data for "united kingdom"
Sim(<no label>; 1900 to 1950; pop: 100000 default; epi: 1.84621e+08⚙, 160728♋︎)
Loading location-specific demographic data for "united kingdom"
Loading location-specific data for "united kingdom"
Sim(<no label>; 1900 to 1950; pop: 100000 default; epi: 8.39016e+06⚙, 12183.2♋︎)
Loading location-specific demographic data for "united kingdom"
Loading location-specific data for "united kingdom"
Sim(<no label>; 1900 to 1950; pop: 100000 default; epi: 7.29263e+06⚙, 12233.1♋︎)
Sim(<no label>; 1900 to 1950; pop: 100000 default; epi: 4.44464e+07⚙, 41342.9♋︎)
Sim(<no label>; 1900 to 1950; pop: 100000 default; epi: 1.77605e+06⚙, 2945.93♋︎)
Loading location-specific demographic data for "united kingdom"
Loading location-specific data for "united kingdom"
Sim(<no label>; 1900 to 1950; pop: 100000 default; epi: 2.04642e+06⚙, 4893.24♋︎)
Sim(<no label>; 1900 to 1950; pop: 100000 default; epi: 1.83297e+06⚙, 3794.76♋︎)
genotype    hi5  hpv16  hpv18
beta                         
0.012     0.638  0.849  0.658
0.018     0.989  1.119  0.845
0.025     1.115  1.342  1.084
0.035     1.314  1.474  1.257
0.050     1.448  1.552  1.380
0.070     1.480  1.496  1.497
0.100     1.428  1.435  1.493
0.150     1.381  1.358  1.444
0.250     1.322  1.313  1.393
wrote C:\Users\richa\OneDrive - Nexus365\Documents\HPV sim Project\Summer\csvs\default_meandeg1p4_vaxgeno_100k_1900_2050_50runs_r0_ground_truth.csv
