HPVsim 2.2.4 (2025-08-20) — © 2023-2025 by IDM
['C:\\Users\\richa\\OneDrive - Nexus365\\Documents\\HPV sim Project\\Summer\\hpvsim_working']
Configuration:
  network            community, n_communities=1, Gamma shape 2.0 (theta CV 0.707)
  mean degree        1.4 (EXCLUDING singles), gate OFF
  durations          short 12.3 mo, long 172.9 mo, frac_long 0.618
  acts/yr at peak    s 50, l 80   beta 0.09   condoms s=0.5, l=0.17
  genotypes          ['hpv16', 'hpv18', 'hi5']   rel_init_prev 0.7200
  years              1900-2050   n_agents=100,000   migration OFF
  interventions      24
Seed batches: [0, 5, 10, 15, 20, 25, 30, 35, 40, 45]  -> up to 50 runs
Outputs will be saved to: C:\Users\richa\OneDrive - Nexus365\Documents\HPV sim Project\Summer\csvs\gamma2_meandeg1p4_vaxgeno_100k_1900_2050_50runs.csv
Loading location-specific demographic data for "united kingdom"
Running MultiSim with n_runs = 5  (seeds 0-4) ...
HPVsim 2.2.4 (2025-08-20) — © 2023-2025 by IDM
['C:\\Users\\richa\\OneDrive - Nexus365\\Documents\\HPV sim Project\\Summer\\hpvsim_working']
HPVsim 2.2.4 (2025-08-20) — © 2023-2025 by IDM
['C:\\Users\\richa\\OneDrive - Nexus365\\Documents\\HPV sim Project\\Summer\\hpvsim_working']
HPVsim 2.2.4 (2025-08-20) — © 2023-2025 by IDM
['C:\\Users\\richa\\OneDrive - Nexus365\\Documents\\HPV sim Project\\Summer\\hpvsim_working']
HPVsim 2.2.4 (2025-08-20) — © 2023-2025 by IDM
['C:\\Users\\richa\\OneDrive - Nexus365\\Documents\\HPV sim Project\\Summer\\hpvsim_working']
HPVsim 2.2.4 (2025-08-20) — © 2023-2025 by IDM
['C:\\Users\\richa\\OneDrive - Nexus365\\Documents\\HPV sim Project\\Summer\\hpvsim_working']
HPVsim 2.2.4 (2025-08-20) — © 2023-2025 by IDM
['C:\\Users\\richa\\OneDrive - Nexus365\\Documents\\HPV sim Project\\Summer\\hpvsim_working']
C:\Users\richa\OneDrive - Nexus365\Documents\HPV sim Project\Summer\hpvsim_working\interventions.py:364: RuntimeWarning: invalid value encountered in power
  if self.annual_prob: self.prob = 1-(1-self.prob)**sim['dt']
Loading location-specific data for "united kingdom"
C:\Users\richa\OneDrive - Nexus365\Documents\HPV sim Project\Summer\hpvsim_working\interventions.py:364: RuntimeWarning: invalid value encountered in power
  if self.annual_prob: self.prob = 1-(1-self.prob)**sim['dt']
Loading location-specific data for "united kingdom"
C:\Users\richa\OneDrive - Nexus365\Documents\HPV sim Project\Summer\hpvsim_working\interventions.py:364: RuntimeWarning: invalid value encountered in power
  if self.annual_prob: self.prob = 1-(1-self.prob)**sim['dt']
Loading location-specific data for "united kingdom"
C:\Users\richa\OneDrive - Nexus365\Documents\HPV sim Project\Summer\hpvsim_working\interventions.py:364: RuntimeWarning: invalid value encountered in power
  if self.annual_prob: self.prob = 1-(1-self.prob)**sim['dt']
Loading location-specific data for "united kingdom"
C:\Users\richa\OneDrive - Nexus365\Documents\HPV sim Project\Summer\hpvsim_working\interventions.py:364: RuntimeWarning: invalid value encountered in power
  if self.annual_prob: self.prob = 1-(1-self.prob)**sim['dt']
Loading location-specific data for "united kingdom"
Interpretable -> runtime parameters  [age+community bipartite dcSBM]
  N_U=37688  N_V=38381
  partners/yr = 1.4  ->  momentary mean degree k_snap = 0.9890
  Gamma shape: U=2.0  V=2.0   theta_floor=0.0  (CV_U=0.71)
  durations: short=12.3 (q=0.0813), long=172.9 (q=0.0058); standing long-frac target=0.618
  communities=1, age bands=16 (edges=(5.0, 10.0, 15.0, 20.0, 25.0, 30.0, 35.0, 40.0, 45.0, 50.0, 55.0, 60.0, 65.0, 70.0, 75.0)); blocks=16
  rho=2.600372e-05  (should be << 1)
Interpretable -> runtime parameters  [age+community bipartite dcSBM]
  N_U=37898  N_V=38107
  partners/yr = 1.4  ->  momentary mean degree k_snap = 0.9890
  Gamma shape: U=2.0  V=2.0   theta_floor=0.0  (CV_U=0.71)
  durations: short=12.3 (q=0.0813), long=172.9 (q=0.0058); standing long-frac target=0.618
  communities=1, age bands=16 (edges=(5.0, 10.0, 15.0, 20.0, 25.0, 30.0, 35.0, 40.0, 45.0, 50.0, 55.0, 60.0, 65.0, 70.0, 75.0)); blocks=16
  rho=2.602464e-05  (should be << 1)
Interpretable -> runtime parameters  [age+community bipartite dcSBM]
  N_U=38092  N_V=38075
  partners/yr = 1.4  ->  momentary mean degree k_snap = 0.9890
  Gamma shape: U=2.0  V=2.0   theta_floor=0.0  (CV_U=0.71)
  durations: short=12.3 (q=0.0813), long=172.9 (q=0.0058); standing long-frac target=0.618
  communities=1, age bands=16 (edges=(5.0, 10.0, 15.0, 20.0, 25.0, 30.0, 35.0, 40.0, 45.0, 50.0, 55.0, 60.0, 65.0, 70.0, 75.0)); blocks=16
  rho=2.596919e-05  (should be << 1)
Interpretable -> runtime parameters  [age+community bipartite dcSBM]
  N_U=38138  N_V=38188
  partners/yr = 1.4  ->  momentary mean degree k_snap = 0.9890
  Gamma shape: U=2.0  V=2.0   theta_floor=0.0  (CV_U=0.71)
  durations: short=12.3 (q=0.0813), long=172.9 (q=0.0058); standing long-frac target=0.618
  communities=1, age bands=16 (edges=(5.0, 10.0, 15.0, 20.0, 25.0, 30.0, 35.0, 40.0, 45.0, 50.0, 55.0, 60.0, 65.0, 70.0, 75.0)); blocks=16
  rho=2.591510e-05  (should be << 1)
Interpretable -> runtime parameters  [age+community bipartite dcSBM]
  N_U=38492  N_V=37596
  partners/yr = 1.4  ->  momentary mean degree k_snap = 0.9890
  Gamma shape: U=2.0  V=2.0   theta_floor=0.0  (CV_U=0.71)
  durations: short=12.3 (q=0.0813), long=172.9 (q=0.0058); standing long-frac target=0.618
  communities=1, age bands=16 (edges=(5.0, 10.0, 15.0, 20.0, 25.0, 30.0, 35.0, 40.0, 45.0, 50.0, 55.0, 60.0, 65.0, 70.0, 75.0)); blocks=16
  rho=2.599795e-05  (should be << 1)
Sim("gamma2_meandeg1p4_vaxgeno_100k_1900_2050_50runs"; 1900 to 2050; pop: 100000 community; epi: 1.08266e+08⚙, 132517♋︎)
Sim("gamma2_meandeg1p4_vaxgeno_100k_1900_2050_50runs"; 1900 to 2050; pop: 100000 community; epi: 3.44618e+08⚙, 359404♋︎)
Sim("gamma2_meandeg1p4_vaxgeno_100k_1900_2050_50runs"; 1900 to 2050; pop: 100000 community; epi: 3.74859e+08⚙, 398050♋︎)
Sim("gamma2_meandeg1p4_vaxgeno_100k_1900_2050_50runs"; 1900 to 2050; pop: 100000 community; epi: 3.79569e+08⚙, 403892♋︎)
Sim("gamma2_meandeg1p4_vaxgeno_100k_1900_2050_50runs"; 1900 to 2050; pop: 100000 community; epi: 3.63538e+08⚙, 390461♋︎)
MultiSim run complete.
Seed:0 is done  --  123 columns, final hpv16 prevalence 0.0253
Seed:1 is done  --  123 columns, final hpv16 prevalence 0.0152
Seed:2 is done  --  123 columns, final hpv16 prevalence 0.0239
Seed:3 is done  --  123 columns, final hpv16 prevalence 0.0252
Seed:4 is done  --  123 columns, final hpv16 prevalence 0.0215
Loading location-specific demographic data for "united kingdom"
Running MultiSim with n_runs = 5  (seeds 5-9) ...
HPVsim 2.2.4 (2025-08-20) — © 2023-2025 by IDM
['C:\\Users\\richa\\OneDrive - Nexus365\\Documents\\HPV sim Project\\Summer\\hpvsim_working']
HPVsim 2.2.4 (2025-08-20) — © 2023-2025 by IDM
['C:\\Users\\richa\\OneDrive - Nexus365\\Documents\\HPV sim Project\\Summer\\hpvsim_working']
HPVsim 2.2.4 (2025-08-20) — © 2023-2025 by IDM
['C:\\Users\\richa\\OneDrive - Nexus365\\Documents\\HPV sim Project\\Summer\\hpvsim_working']
HPVsim 2.2.4 (2025-08-20) — © 2023-2025 by IDM
['C:\\Users\\richa\\OneDrive - Nexus365\\Documents\\HPV sim Project\\Summer\\hpvsim_working']
HPVsim 2.2.4 (2025-08-20) — © 2023-2025 by IDM
['C:\\Users\\richa\\OneDrive - Nexus365\\Documents\\HPV sim Project\\Summer\\hpvsim_working']
HPVsim 2.2.4 (2025-08-20) — © 2023-2025 by IDM
['C:\\Users\\richa\\OneDrive - Nexus365\\Documents\\HPV sim Project\\Summer\\hpvsim_working']
C:\Users\richa\OneDrive - Nexus365\Documents\HPV sim Project\Summer\hpvsim_working\interventions.py:364: RuntimeWarning: invalid value encountered in power
  if self.annual_prob: self.prob = 1-(1-self.prob)**sim['dt']
Loading location-specific data for "united kingdom"
C:\Users\richa\OneDrive - Nexus365\Documents\HPV sim Project\Summer\hpvsim_working\interventions.py:364: RuntimeWarning: invalid value encountered in power
  if self.annual_prob: self.prob = 1-(1-self.prob)**sim['dt']
Loading location-specific data for "united kingdom"
C:\Users\richa\OneDrive - Nexus365\Documents\HPV sim Project\Summer\hpvsim_working\interventions.py:364: RuntimeWarning: invalid value encountered in power
  if self.annual_prob: self.prob = 1-(1-self.prob)**sim['dt']
Loading location-specific data for "united kingdom"
C:\Users\richa\OneDrive - Nexus365\Documents\HPV sim Project\Summer\hpvsim_working\interventions.py:364: RuntimeWarning: invalid value encountered in power
  if self.annual_prob: self.prob = 1-(1-self.prob)**sim['dt']
Loading location-specific data for "united kingdom"
C:\Users\richa\OneDrive - Nexus365\Documents\HPV sim Project\Summer\hpvsim_working\interventions.py:364: RuntimeWarning: invalid value encountered in power
  if self.annual_prob: self.prob = 1-(1-self.prob)**sim['dt']
Loading location-specific data for "united kingdom"
Interpretable -> runtime parameters  [age+community bipartite dcSBM]
  N_U=38392  N_V=38072
  partners/yr = 1.4  ->  momentary mean degree k_snap = 0.9890
  Gamma shape: U=2.0  V=2.0   theta_floor=0.0  (CV_U=0.71)
  durations: short=12.3 (q=0.0813), long=172.9 (q=0.0058); standing long-frac target=0.618
  communities=1, age bands=16 (edges=(5.0, 10.0, 15.0, 20.0, 25.0, 30.0, 35.0, 40.0, 45.0, 50.0, 55.0, 60.0, 65.0, 70.0, 75.0)); blocks=16
  rho=2.586855e-05  (should be << 1)
Interpretable -> runtime parameters  [age+community bipartite dcSBM]
  N_U=38064  N_V=37984
  partners/yr = 1.4  ->  momentary mean degree k_snap = 0.9890
  Gamma shape: U=2.0  V=2.0   theta_floor=0.0  (CV_U=0.71)
  durations: short=12.3 (q=0.0813), long=172.9 (q=0.0058); standing long-frac target=0.618
  communities=1, age bands=16 (edges=(5.0, 10.0, 15.0, 20.0, 25.0, 30.0, 35.0, 40.0, 45.0, 50.0, 55.0, 60.0, 65.0, 70.0, 75.0)); blocks=16
  rho=2.600984e-05  (should be << 1)
Interpretable -> runtime parameters  [age+community bipartite dcSBM]
  N_U=37967  N_V=38190
  partners/yr = 1.4  ->  momentary mean degree k_snap = 0.9890
  Gamma shape: U=2.0  V=2.0   theta_floor=0.0  (CV_U=0.71)
  durations: short=12.3 (q=0.0813), long=172.9 (q=0.0058); standing long-frac target=0.618
  communities=1, age bands=16 (edges=(5.0, 10.0, 15.0, 20.0, 25.0, 30.0, 35.0, 40.0, 45.0, 50.0, 55.0, 60.0, 65.0, 70.0, 75.0)); blocks=16
  rho=2.597271e-05  (should be << 1)
Interpretable -> runtime parameters  [age+community bipartite dcSBM]
  N_U=38371  N_V=37783
  partners/yr = 1.4  ->  momentary mean degree k_snap = 0.9890
  Gamma shape: U=2.0  V=2.0   theta_floor=0.0  (CV_U=0.71)
  durations: short=12.3 (q=0.0813), long=172.9 (q=0.0058); standing long-frac target=0.618
  communities=1, age bands=16 (edges=(5.0, 10.0, 15.0, 20.0, 25.0, 30.0, 35.0, 40.0, 45.0, 50.0, 55.0, 60.0, 65.0, 70.0, 75.0)); blocks=16
  rho=2.597440e-05  (should be << 1)
Interpretable -> runtime parameters  [age+community bipartite dcSBM]
  N_U=38089  N_V=38256
  partners/yr = 1.4  ->  momentary mean degree k_snap = 0.9890
  Gamma shape: U=2.0  V=2.0   theta_floor=0.0  (CV_U=0.71)
  durations: short=12.3 (q=0.0813), long=172.9 (q=0.0058); standing long-frac target=0.618
  communities=1, age bands=16 (edges=(5.0, 10.0, 15.0, 20.0, 25.0, 30.0, 35.0, 40.0, 45.0, 50.0, 55.0, 60.0, 65.0, 70.0, 75.0)); blocks=16
  rho=2.590870e-05  (should be << 1)
Sim("gamma2_meandeg1p4_vaxgeno_100k_1900_2050_50runs"; 1900 to 2050; pop: 100000 community; epi: 1.7389e+08⚙, 197977♋︎)
Sim("gamma2_meandeg1p4_vaxgeno_100k_1900_2050_50runs"; 1900 to 2050; pop: 100000 community; epi: 3.31147e+08⚙, 346571♋︎)
Sim("gamma2_meandeg1p4_vaxgeno_100k_1900_2050_50runs"; 1900 to 2050; pop: 100000 community; epi: 3.00435e+08⚙, 333739♋︎)
Sim("gamma2_meandeg1p4_vaxgeno_100k_1900_2050_50runs"; 1900 to 2050; pop: 100000 community; epi: 3.25199e+08⚙, 361800♋︎)
Sim("gamma2_meandeg1p4_vaxgeno_100k_1900_2050_50runs"; 1900 to 2050; pop: 100000 community; epi: 4.08157e+08⚙, 422616♋︎)
MultiSim run complete.
Seed:5 is done  --  123 columns, final hpv16 prevalence 0.0236
Seed:6 is done  --  123 columns, final hpv16 prevalence 0.0253
Seed:7 is done  --  123 columns, final hpv16 prevalence 0.0255
Seed:8 is done  --  123 columns, final hpv16 prevalence 0.0223
Seed:9 is done  --  123 columns, final hpv16 prevalence 0.0255
Loading location-specific demographic data for "united kingdom"
Running MultiSim with n_runs = 5  (seeds 10-14) ...
HPVsim 2.2.4 (2025-08-20) — © 2023-2025 by IDM
HPVsim 2.2.4 (2025-08-20) — © 2023-2025 by IDM
HPVsim 2.2.4 (2025-08-20) — © 2023-2025 by IDM
['C:\\Users\\richa\\OneDrive - Nexus365\\Documents\\HPV sim Project\\Summer\\hpvsim_working']
['C:\\Users\\richa\\OneDrive - Nexus365\\Documents\\HPV sim Project\\Summer\\hpvsim_working']
['C:\\Users\\richa\\OneDrive - Nexus365\\Documents\\HPV sim Project\\Summer\\hpvsim_working']
HPVsim 2.2.4 (2025-08-20) — © 2023-2025 by IDM
['C:\\Users\\richa\\OneDrive - Nexus365\\Documents\\HPV sim Project\\Summer\\hpvsim_working']
HPVsim 2.2.4 (2025-08-20) — © 2023-2025 by IDM
HPVsim 2.2.4 (2025-08-20) — © 2023-2025 by IDM
['C:\\Users\\richa\\OneDrive - Nexus365\\Documents\\HPV sim Project\\Summer\\hpvsim_working']
['C:\\Users\\richa\\OneDrive - Nexus365\\Documents\\HPV sim Project\\Summer\\hpvsim_working']
C:\Users\richa\OneDrive - Nexus365\Documents\HPV sim Project\Summer\hpvsim_working\interventions.py:364: RuntimeWarning: invalid value encountered in power
  if self.annual_prob: self.prob = 1-(1-self.prob)**sim['dt']
Loading location-specific data for "united kingdom"
C:\Users\richa\OneDrive - Nexus365\Documents\HPV sim Project\Summer\hpvsim_working\interventions.py:364: RuntimeWarning: invalid value encountered in power
  if self.annual_prob: self.prob = 1-(1-self.prob)**sim['dt']
Loading location-specific data for "united kingdom"
C:\Users\richa\OneDrive - Nexus365\Documents\HPV sim Project\Summer\hpvsim_working\interventions.py:364: RuntimeWarning: invalid value encountered in power
  if self.annual_prob: self.prob = 1-(1-self.prob)**sim['dt']
Loading location-specific data for "united kingdom"
C:\Users\richa\OneDrive - Nexus365\Documents\HPV sim Project\Summer\hpvsim_working\interventions.py:364: RuntimeWarning: invalid value encountered in power
  if self.annual_prob: self.prob = 1-(1-self.prob)**sim['dt']
Loading location-specific data for "united kingdom"
C:\Users\richa\OneDrive - Nexus365\Documents\HPV sim Project\Summer\hpvsim_working\interventions.py:364: RuntimeWarning: invalid value encountered in power
  if self.annual_prob: self.prob = 1-(1-self.prob)**sim['dt']
Loading location-specific data for "united kingdom"
Interpretable -> runtime parameters  [age+community bipartite dcSBM]
  N_U=37991  N_V=38207
  partners/yr = 1.4  ->  momentary mean degree k_snap = 0.9890
  Gamma shape: U=2.0  V=2.0   theta_floor=0.0  (CV_U=0.71)
  durations: short=12.3 (q=0.0813), long=172.9 (q=0.0058); standing long-frac target=0.618
  communities=1, age bands=16 (edges=(5.0, 10.0, 15.0, 20.0, 25.0, 30.0, 35.0, 40.0, 45.0, 50.0, 55.0, 60.0, 65.0, 70.0, 75.0)); blocks=16
  rho=2.595873e-05  (should be << 1)
Interpretable -> runtime parameters  [age+community bipartite dcSBM]
  N_U=38023  N_V=38135
  partners/yr = 1.4  ->  momentary mean degree k_snap = 0.9890
  Gamma shape: U=2.0  V=2.0   theta_floor=0.0  (CV_U=0.71)
  durations: short=12.3 (q=0.0813), long=172.9 (q=0.0058); standing long-frac target=0.618
  communities=1, age bands=16 (edges=(5.0, 10.0, 15.0, 20.0, 25.0, 30.0, 35.0, 40.0, 45.0, 50.0, 55.0, 60.0, 65.0, 70.0, 75.0)); blocks=16
  rho=2.597228e-05  (should be << 1)
Interpretable -> runtime parameters  [age+community bipartite dcSBM]
  N_U=37957  N_V=38254
  partners/yr = 1.4  ->  momentary mean degree k_snap = 0.9890
  Gamma shape: U=2.0  V=2.0   theta_floor=0.0  (CV_U=0.71)
  durations: short=12.3 (q=0.0813), long=172.9 (q=0.0058); standing long-frac target=0.618
  communities=1, age bands=16 (edges=(5.0, 10.0, 15.0, 20.0, 25.0, 30.0, 35.0, 40.0, 45.0, 50.0, 55.0, 60.0, 65.0, 70.0, 75.0)); blocks=16
  rho=2.595439e-05  (should be << 1)
Interpretable -> runtime parameters  [age+community bipartite dcSBM]
  N_U=38195  N_V=38112
  partners/yr = 1.4  ->  momentary mean degree k_snap = 0.9890
  Gamma shape: U=2.0  V=2.0   theta_floor=0.0  (CV_U=0.71)
  durations: short=12.3 (q=0.0813), long=172.9 (q=0.0058); standing long-frac target=0.618
  communities=1, age bands=16 (edges=(5.0, 10.0, 15.0, 20.0, 25.0, 30.0, 35.0, 40.0, 45.0, 50.0, 55.0, 60.0, 65.0, 70.0, 75.0)); blocks=16
  rho=2.592156e-05  (should be << 1)
Interpretable -> runtime parameters  [age+community bipartite dcSBM]
  N_U=38106  N_V=38145
  partners/yr = 1.4  ->  momentary mean degree k_snap = 0.9890
  Gamma shape: U=2.0  V=2.0   theta_floor=0.0  (CV_U=0.71)
  durations: short=12.3 (q=0.0813), long=172.9 (q=0.0058); standing long-frac target=0.618
  communities=1, age bands=16 (edges=(5.0, 10.0, 15.0, 20.0, 25.0, 30.0, 35.0, 40.0, 45.0, 50.0, 55.0, 60.0, 65.0, 70.0, 75.0)); blocks=16
  rho=2.594058e-05  (should be << 1)
Sim("gamma2_meandeg1p4_vaxgeno_100k_1900_2050_50runs"; 1900 to 2050; pop: 100000 community; epi: 1.37713e+08⚙, 149444♋︎)
Sim("gamma2_meandeg1p4_vaxgeno_100k_1900_2050_50runs"; 1900 to 2050; pop: 100000 community; epi: 1.21547e+08⚙, 143202♋︎)
Sim("gamma2_meandeg1p4_vaxgeno_100k_1900_2050_50runs"; 1900 to 2050; pop: 100000 community; epi: 2.45678e+08⚙, 266632♋︎)
Sim("gamma2_meandeg1p4_vaxgeno_100k_1900_2050_50runs"; 1900 to 2050; pop: 100000 community; epi: 3.6746e+08⚙, 386416♋︎)
Sim("gamma2_meandeg1p4_vaxgeno_100k_1900_2050_50runs"; 1900 to 2050; pop: 100000 community; epi: 4.64378e+08⚙, 473496♋︎)
MultiSim run complete.
Seed:10 is done  --  123 columns, final hpv16 prevalence 0.0145
Seed:11 is done  --  123 columns, final hpv16 prevalence 0.0239
Seed:12 is done  --  123 columns, final hpv16 prevalence 0.0254
Seed:13 is done  --  123 columns, final hpv16 prevalence 0.0172
Seed:14 is done  --  123 columns, final hpv16 prevalence 0.0208
Loading location-specific demographic data for "united kingdom"
Running MultiSim with n_runs = 5  (seeds 15-19) ...
HPVsim 2.2.4 (2025-08-20) — © 2023-2025 by IDM
HPVsim 2.2.4 (2025-08-20) — © 2023-2025 by IDM
HPVsim 2.2.4 (2025-08-20) — © 2023-2025 by IDM
HPVsim 2.2.4 (2025-08-20) — © 2023-2025 by IDM
['C:\\Users\\richa\\OneDrive - Nexus365\\Documents\\HPV sim Project\\Summer\\hpvsim_working']
['C:\\Users\\richa\\OneDrive - Nexus365\\Documents\\HPV sim Project\\Summer\\hpvsim_working']
HPVsim 2.2.4 (2025-08-20) — © 2023-2025 by IDM
HPVsim 2.2.4 (2025-08-20) — © 2023-2025 by IDM
['C:\\Users\\richa\\OneDrive - Nexus365\\Documents\\HPV sim Project\\Summer\\hpvsim_working']
['C:\\Users\\richa\\OneDrive - Nexus365\\Documents\\HPV sim Project\\Summer\\hpvsim_working']
['C:\\Users\\richa\\OneDrive - Nexus365\\Documents\\HPV sim Project\\Summer\\hpvsim_working']
['C:\\Users\\richa\\OneDrive - Nexus365\\Documents\\HPV sim Project\\Summer\\hpvsim_working']
C:\Users\richa\OneDrive - Nexus365\Documents\HPV sim Project\Summer\hpvsim_working\interventions.py:364: RuntimeWarning: invalid value encountered in power
  if self.annual_prob: self.prob = 1-(1-self.prob)**sim['dt']
Loading location-specific data for "united kingdom"
C:\Users\richa\OneDrive - Nexus365\Documents\HPV sim Project\Summer\hpvsim_working\interventions.py:364: RuntimeWarning: invalid value encountered in power
  if self.annual_prob: self.prob = 1-(1-self.prob)**sim['dt']
Loading location-specific data for "united kingdom"
C:\Users\richa\OneDrive - Nexus365\Documents\HPV sim Project\Summer\hpvsim_working\interventions.py:364: RuntimeWarning: invalid value encountered in power
  if self.annual_prob: self.prob = 1-(1-self.prob)**sim['dt']
Loading location-specific data for "united kingdom"
C:\Users\richa\OneDrive - Nexus365\Documents\HPV sim Project\Summer\hpvsim_working\interventions.py:364: RuntimeWarning: invalid value encountered in power
  if self.annual_prob: self.prob = 1-(1-self.prob)**sim['dt']
Loading location-specific data for "united kingdom"
C:\Users\richa\OneDrive - Nexus365\Documents\HPV sim Project\Summer\hpvsim_working\interventions.py:364: RuntimeWarning: invalid value encountered in power
  if self.annual_prob: self.prob = 1-(1-self.prob)**sim['dt']
Loading location-specific data for "united kingdom"
Interpretable -> runtime parameters  [age+community bipartite dcSBM]
  N_U=38253  N_V=38088
  partners/yr = 1.4  ->  momentary mean degree k_snap = 0.9890
  Gamma shape: U=2.0  V=2.0   theta_floor=0.0  (CV_U=0.71)
  durations: short=12.3 (q=0.0813), long=172.9 (q=0.0058); standing long-frac target=0.618
  communities=1, age bands=16 (edges=(5.0, 10.0, 15.0, 20.0, 25.0, 30.0, 35.0, 40.0, 45.0, 50.0, 55.0, 60.0, 65.0, 70.0, 75.0)); blocks=16
  rho=2.591006e-05  (should be << 1)
Interpretable -> runtime parameters  [age+community bipartite dcSBM]
  N_U=37951  N_V=38339
  partners/yr = 1.4  ->  momentary mean degree k_snap = 0.9890
  Gamma shape: U=2.0  V=2.0   theta_floor=0.0  (CV_U=0.71)
  durations: short=12.3 (q=0.0813), long=172.9 (q=0.0058); standing long-frac target=0.618
  communities=1, age bands=16 (edges=(5.0, 10.0, 15.0, 20.0, 25.0, 30.0, 35.0, 40.0, 45.0, 50.0, 55.0, 60.0, 65.0, 70.0, 75.0)); blocks=16
  rho=2.592765e-05  (should be << 1)
Interpretable -> runtime parameters  [age+community bipartite dcSBM]
  N_U=37954  N_V=38207
  partners/yr = 1.4  ->  momentary mean degree k_snap = 0.9890
  Gamma shape: U=2.0  V=2.0   theta_floor=0.0  (CV_U=0.71)
  durations: short=12.3 (q=0.0813), long=172.9 (q=0.0058); standing long-frac target=0.618
  communities=1, age bands=16 (edges=(5.0, 10.0, 15.0, 20.0, 25.0, 30.0, 35.0, 40.0, 45.0, 50.0, 55.0, 60.0, 65.0, 70.0, 75.0)); blocks=16
  rho=2.597138e-05  (should be << 1)
Interpretable -> runtime parameters  [age+community bipartite dcSBM]
  N_U=37834  N_V=38436
  partners/yr = 1.4  ->  momentary mean degree k_snap = 0.9890
  Gamma shape: U=2.0  V=2.0   theta_floor=0.0  (CV_U=0.71)
  durations: short=12.3 (q=0.0813), long=172.9 (q=0.0058); standing long-frac target=0.618
  communities=1, age bands=16 (edges=(5.0, 10.0, 15.0, 20.0, 25.0, 30.0, 35.0, 40.0, 45.0, 50.0, 55.0, 60.0, 65.0, 70.0, 75.0)); blocks=16
  rho=2.593493e-05  (should be << 1)
Interpretable -> runtime parameters  [age+community bipartite dcSBM]
  N_U=38152  N_V=37842
  partners/yr = 1.4  ->  momentary mean degree k_snap = 0.9890
  Gamma shape: U=2.0  V=2.0   theta_floor=0.0  (CV_U=0.71)
  durations: short=12.3 (q=0.0813), long=172.9 (q=0.0058); standing long-frac target=0.618
  communities=1, age bands=16 (edges=(5.0, 10.0, 15.0, 20.0, 25.0, 30.0, 35.0, 40.0, 45.0, 50.0, 55.0, 60.0, 65.0, 70.0, 75.0)); blocks=16
  rho=2.602852e-05  (should be << 1)
Sim("gamma2_meandeg1p4_vaxgeno_100k_1900_2050_50runs"; 1900 to 2050; pop: 100000 community; epi: 1.78528e+08⚙, 200673♋︎)
Sim("gamma2_meandeg1p4_vaxgeno_100k_1900_2050_50runs"; 1900 to 2050; pop: 100000 community; epi: 2.39249e+08⚙, 271675♋︎)
Sim("gamma2_meandeg1p4_vaxgeno_100k_1900_2050_50runs"; 1900 to 2050; pop: 100000 community; epi: 3.75099e+08⚙, 385567♋︎)
Sim("gamma2_meandeg1p4_vaxgeno_100k_1900_2050_50runs"; 1900 to 2050; pop: 100000 community; epi: 3.32317e+08⚙, 353262♋︎)
Sim("gamma2_meandeg1p4_vaxgeno_100k_1900_2050_50runs"; 1900 to 2050; pop: 100000 community; epi: 5.28287e+08⚙, 527971♋︎)
MultiSim run complete.
Seed:15 is done  --  123 columns, final hpv16 prevalence 0.0256
Seed:16 is done  --  123 columns, final hpv16 prevalence 0.0251
Seed:17 is done  --  123 columns, final hpv16 prevalence 0.0259
Seed:18 is done  --  123 columns, final hpv16 prevalence 0.0232
Seed:19 is done  --  123 columns, final hpv16 prevalence 0.0176
Loading location-specific demographic data for "united kingdom"
Running MultiSim with n_runs = 5  (seeds 20-24) ...
HPVsim 2.2.4 (2025-08-20) — © 2023-2025 by IDM
HPVsim 2.2.4 (2025-08-20) — © 2023-2025 by IDM
['C:\\Users\\richa\\OneDrive - Nexus365\\Documents\\HPV sim Project\\Summer\\hpvsim_working']
['C:\\Users\\richa\\OneDrive - Nexus365\\Documents\\HPV sim Project\\Summer\\hpvsim_working']
HPVsim 2.2.4 (2025-08-20) — © 2023-2025 by IDM
['C:\\Users\\richa\\OneDrive - Nexus365\\Documents\\HPV sim Project\\Summer\\hpvsim_working']
HPVsim 2.2.4 (2025-08-20) — © 2023-2025 by IDM
['C:\\Users\\richa\\OneDrive - Nexus365\\Documents\\HPV sim Project\\Summer\\hpvsim_working']
HPVsim 2.2.4 (2025-08-20) — © 2023-2025 by IDM
['C:\\Users\\richa\\OneDrive - Nexus365\\Documents\\HPV sim Project\\Summer\\hpvsim_working']
HPVsim 2.2.4 (2025-08-20) — © 2023-2025 by IDM
['C:\\Users\\richa\\OneDrive - Nexus365\\Documents\\HPV sim Project\\Summer\\hpvsim_working']
C:\Users\richa\OneDrive - Nexus365\Documents\HPV sim Project\Summer\hpvsim_working\interventions.py:364: RuntimeWarning: invalid value encountered in power
  if self.annual_prob: self.prob = 1-(1-self.prob)**sim['dt']
Loading location-specific data for "united kingdom"
C:\Users\richa\OneDrive - Nexus365\Documents\HPV sim Project\Summer\hpvsim_working\interventions.py:364: RuntimeWarning: invalid value encountered in power
  if self.annual_prob: self.prob = 1-(1-self.prob)**sim['dt']
Loading location-specific data for "united kingdom"
C:\Users\richa\OneDrive - Nexus365\Documents\HPV sim Project\Summer\hpvsim_working\interventions.py:364: RuntimeWarning: invalid value encountered in power
  if self.annual_prob: self.prob = 1-(1-self.prob)**sim['dt']
Loading location-specific data for "united kingdom"
C:\Users\richa\OneDrive - Nexus365\Documents\HPV sim Project\Summer\hpvsim_working\interventions.py:364: RuntimeWarning: invalid value encountered in power
  if self.annual_prob: self.prob = 1-(1-self.prob)**sim['dt']
Loading location-specific data for "united kingdom"
C:\Users\richa\OneDrive - Nexus365\Documents\HPV sim Project\Summer\hpvsim_working\interventions.py:364: RuntimeWarning: invalid value encountered in power
  if self.annual_prob: self.prob = 1-(1-self.prob)**sim['dt']
Loading location-specific data for "united kingdom"
Interpretable -> runtime parameters  [age+community bipartite dcSBM]
  N_U=38275  N_V=37981
  partners/yr = 1.4  ->  momentary mean degree k_snap = 0.9890
  Gamma shape: U=2.0  V=2.0   theta_floor=0.0  (CV_U=0.71)
  durations: short=12.3 (q=0.0813), long=172.9 (q=0.0058); standing long-frac target=0.618
  communities=1, age bands=16 (edges=(5.0, 10.0, 15.0, 20.0, 25.0, 30.0, 35.0, 40.0, 45.0, 50.0, 55.0, 60.0, 65.0, 70.0, 75.0)); blocks=16
  rho=2.593907e-05  (should be << 1)
Interpretable -> runtime parameters  [age+community bipartite dcSBM]
  N_U=38317  N_V=38111
  partners/yr = 1.4  ->  momentary mean degree k_snap = 0.9890
  Gamma shape: U=2.0  V=2.0   theta_floor=0.0  (CV_U=0.71)
  durations: short=12.3 (q=0.0813), long=172.9 (q=0.0058); standing long-frac target=0.618
  communities=1, age bands=16 (edges=(5.0, 10.0, 15.0, 20.0, 25.0, 30.0, 35.0, 40.0, 45.0, 50.0, 55.0, 60.0, 65.0, 70.0, 75.0)); blocks=16
  rho=2.588060e-05  (should be << 1)
Interpretable -> runtime parameters  [age+community bipartite dcSBM]
  N_U=38098  N_V=38239
  partners/yr = 1.4  ->  momentary mean degree k_snap = 0.9890
  Gamma shape: U=2.0  V=2.0   theta_floor=0.0  (CV_U=0.71)
  durations: short=12.3 (q=0.0813), long=172.9 (q=0.0058); standing long-frac target=0.618
  communities=1, age bands=16 (edges=(5.0, 10.0, 15.0, 20.0, 25.0, 30.0, 35.0, 40.0, 45.0, 50.0, 55.0, 60.0, 65.0, 70.0, 75.0)); blocks=16
  rho=2.591140e-05  (should be << 1)
Interpretable -> runtime parameters  [age+community bipartite dcSBM]
  N_U=37966  N_V=38225
  partners/yr = 1.4  ->  momentary mean degree k_snap = 0.9890
  Gamma shape: U=2.0  V=2.0   theta_floor=0.0  (CV_U=0.71)
  durations: short=12.3 (q=0.0813), long=172.9 (q=0.0058); standing long-frac target=0.618
  communities=1, age bands=16 (edges=(5.0, 10.0, 15.0, 20.0, 25.0, 30.0, 35.0, 40.0, 45.0, 50.0, 55.0, 60.0, 65.0, 70.0, 75.0)); blocks=16
  rho=2.596116e-05  (should be << 1)
Interpretable -> runtime parameters  [age+community bipartite dcSBM]
  N_U=38212  N_V=38030
  partners/yr = 1.4  ->  momentary mean degree k_snap = 0.9890
  Gamma shape: U=2.0  V=2.0   theta_floor=0.0  (CV_U=0.71)
  durations: short=12.3 (q=0.0813), long=172.9 (q=0.0058); standing long-frac target=0.618
  communities=1, age bands=16 (edges=(5.0, 10.0, 15.0, 20.0, 25.0, 30.0, 35.0, 40.0, 45.0, 50.0, 55.0, 60.0, 65.0, 70.0, 75.0)); blocks=16
  rho=2.594372e-05  (should be << 1)
Sim("gamma2_meandeg1p4_vaxgeno_100k_1900_2050_50runs"; 1900 to 2050; pop: 100000 community; epi: 2.43714e+08⚙, 270127♋︎)
Sim("gamma2_meandeg1p4_vaxgeno_100k_1900_2050_50runs"; 1900 to 2050; pop: 100000 community; epi: 4.04617e+08⚙, 418822♋︎)
Sim("gamma2_meandeg1p4_vaxgeno_100k_1900_2050_50runs"; 1900 to 2050; pop: 100000 community; epi: 4.56511e+08⚙, 474245♋︎)
Sim("gamma2_meandeg1p4_vaxgeno_100k_1900_2050_50runs"; 1900 to 2050; pop: 100000 community; epi: 3.20709e+08⚙, 339581♋︎)
Sim("gamma2_meandeg1p4_vaxgeno_100k_1900_2050_50runs"; 1900 to 2050; pop: 100000 community; epi: 3.75567e+08⚙, 399249♋︎)
MultiSim run complete.
Seed:20 is done  --  123 columns, final hpv16 prevalence 0.0246
Seed:21 is done  --  123 columns, final hpv16 prevalence 0.0234
Seed:22 is done  --  123 columns, final hpv16 prevalence 0.0258
Seed:23 is done  --  123 columns, final hpv16 prevalence 0.0230
Seed:24 is done  --  123 columns, final hpv16 prevalence 0.0251
Loading location-specific demographic data for "united kingdom"
Running MultiSim with n_runs = 5  (seeds 25-29) ...
HPVsim 2.2.4 (2025-08-20) — © 2023-2025 by IDM
HPVsim 2.2.4 (2025-08-20) — © 2023-2025 by IDM
HPVsim 2.2.4 (2025-08-20) — © 2023-2025 by IDM
HPVsim 2.2.4 (2025-08-20) — © 2023-2025 by IDM
HPVsim 2.2.4 (2025-08-20) — © 2023-2025 by IDM
HPVsim 2.2.4 (2025-08-20) — © 2023-2025 by IDM
['C:\\Users\\richa\\OneDrive - Nexus365\\Documents\\HPV sim Project\\Summer\\hpvsim_working']
['C:\\Users\\richa\\OneDrive - Nexus365\\Documents\\HPV sim Project\\Summer\\hpvsim_working']
['C:\\Users\\richa\\OneDrive - Nexus365\\Documents\\HPV sim Project\\Summer\\hpvsim_working']
['C:\\Users\\richa\\OneDrive - Nexus365\\Documents\\HPV sim Project\\Summer\\hpvsim_working']
['C:\\Users\\richa\\OneDrive - Nexus365\\Documents\\HPV sim Project\\Summer\\hpvsim_working']
['C:\\Users\\richa\\OneDrive - Nexus365\\Documents\\HPV sim Project\\Summer\\hpvsim_working']
C:\Users\richa\OneDrive - Nexus365\Documents\HPV sim Project\Summer\hpvsim_working\interventions.py:364: RuntimeWarning: invalid value encountered in power
  if self.annual_prob: self.prob = 1-(1-self.prob)**sim['dt']
Loading location-specific data for "united kingdom"
C:\Users\richa\OneDrive - Nexus365\Documents\HPV sim Project\Summer\hpvsim_working\interventions.py:364: RuntimeWarning: invalid value encountered in power
  if self.annual_prob: self.prob = 1-(1-self.prob)**sim['dt']
Loading location-specific data for "united kingdom"
C:\Users\richa\OneDrive - Nexus365\Documents\HPV sim Project\Summer\hpvsim_working\interventions.py:364: RuntimeWarning: invalid value encountered in power
  if self.annual_prob: self.prob = 1-(1-self.prob)**sim['dt']
Loading location-specific data for "united kingdom"
C:\Users\richa\OneDrive - Nexus365\Documents\HPV sim Project\Summer\hpvsim_working\interventions.py:364: RuntimeWarning: invalid value encountered in power
  if self.annual_prob: self.prob = 1-(1-self.prob)**sim['dt']
Loading location-specific data for "united kingdom"
C:\Users\richa\OneDrive - Nexus365\Documents\HPV sim Project\Summer\hpvsim_working\interventions.py:364: RuntimeWarning: invalid value encountered in power
  if self.annual_prob: self.prob = 1-(1-self.prob)**sim['dt']
Loading location-specific data for "united kingdom"
Interpretable -> runtime parameters  [age+community bipartite dcSBM]
  N_U=38060  N_V=38151
  partners/yr = 1.4  ->  momentary mean degree k_snap = 0.9890
  Gamma shape: U=2.0  V=2.0   theta_floor=0.0  (CV_U=0.71)
  durations: short=12.3 (q=0.0813), long=172.9 (q=0.0058); standing long-frac target=0.618
  communities=1, age bands=16 (edges=(5.0, 10.0, 15.0, 20.0, 25.0, 30.0, 35.0, 40.0, 45.0, 50.0, 55.0, 60.0, 65.0, 70.0, 75.0)); blocks=16
  rho=2.595421e-05  (should be << 1)
Interpretable -> runtime parameters  [age+community bipartite dcSBM]
  N_U=38109  N_V=38184
  partners/yr = 1.4  ->  momentary mean degree k_snap = 0.9890
  Gamma shape: U=2.0  V=2.0   theta_floor=0.0  (CV_U=0.71)
  durations: short=12.3 (q=0.0813), long=172.9 (q=0.0058); standing long-frac target=0.618
  communities=1, age bands=16 (edges=(5.0, 10.0, 15.0, 20.0, 25.0, 30.0, 35.0, 40.0, 45.0, 50.0, 55.0, 60.0, 65.0, 70.0, 75.0)); blocks=16
  rho=2.592631e-05  (should be << 1)
Interpretable -> runtime parameters  [age+community bipartite dcSBM]
  N_U=38124  N_V=38203
  partners/yr = 1.4  ->  momentary mean degree k_snap = 0.9890
  Gamma shape: U=2.0  V=2.0   theta_floor=0.0  (CV_U=0.71)
  durations: short=12.3 (q=0.0813), long=172.9 (q=0.0058); standing long-frac target=0.618
  communities=1, age bands=16 (edges=(5.0, 10.0, 15.0, 20.0, 25.0, 30.0, 35.0, 40.0, 45.0, 50.0, 55.0, 60.0, 65.0, 70.0, 75.0)); blocks=16
  rho=2.591476e-05  (should be << 1)
Interpretable -> runtime parameters  [age+community bipartite dcSBM]
  N_U=38278  N_V=37821
  partners/yr = 1.4  ->  momentary mean degree k_snap = 0.9890
  Gamma shape: U=2.0  V=2.0   theta_floor=0.0  (CV_U=0.71)
  durations: short=12.3 (q=0.0813), long=172.9 (q=0.0058); standing long-frac target=0.618
  communities=1, age bands=16 (edges=(5.0, 10.0, 15.0, 20.0, 25.0, 30.0, 35.0, 40.0, 45.0, 50.0, 55.0, 60.0, 65.0, 70.0, 75.0)); blocks=16
  rho=2.599286e-05  (should be << 1)
Interpretable -> runtime parameters  [age+community bipartite dcSBM]
  N_U=38196  N_V=38201
  partners/yr = 1.4  ->  momentary mean degree k_snap = 0.9890
  Gamma shape: U=2.0  V=2.0   theta_floor=0.0  (CV_U=0.71)
  durations: short=12.3 (q=0.0813), long=172.9 (q=0.0058); standing long-frac target=0.618
  communities=1, age bands=16 (edges=(5.0, 10.0, 15.0, 20.0, 25.0, 30.0, 35.0, 40.0, 45.0, 50.0, 55.0, 60.0, 65.0, 70.0, 75.0)); blocks=16
  rho=2.589101e-05  (should be << 1)
Sim("gamma2_meandeg1p4_vaxgeno_100k_1900_2050_50runs"; 1900 to 2050; pop: 100000 community; epi: 1.51433e+08⚙, 182348♋︎)
Sim("gamma2_meandeg1p4_vaxgeno_100k_1900_2050_50runs"; 1900 to 2050; pop: 100000 community; epi: 1.45673e+08⚙, 179003♋︎)
Sim("gamma2_meandeg1p4_vaxgeno_100k_1900_2050_50runs"; 1900 to 2050; pop: 100000 community; epi: 2.59159e+08⚙, 297239♋︎)
Sim("gamma2_meandeg1p4_vaxgeno_100k_1900_2050_50runs"; 1900 to 2050; pop: 100000 community; epi: 3.61795e+08⚙, 380425♋︎)
Sim("gamma2_meandeg1p4_vaxgeno_100k_1900_2050_50runs"; 1900 to 2050; pop: 100000 community; epi: 4.43822e+08⚙, 446583♋︎)
MultiSim run complete.
Seed:25 is done  --  123 columns, final hpv16 prevalence 0.0244
Seed:26 is done  --  123 columns, final hpv16 prevalence 0.0168
Seed:27 is done  --  123 columns, final hpv16 prevalence 0.0248
Seed:28 is done  --  123 columns, final hpv16 prevalence 0.0170
Seed:29 is done  --  123 columns, final hpv16 prevalence 0.0257
Loading location-specific demographic data for "united kingdom"
Running MultiSim with n_runs = 5  (seeds 30-34) ...
HPVsim 2.2.4 (2025-08-20) — © 2023-2025 by IDM
HPVsim 2.2.4 (2025-08-20) — © 2023-2025 by IDM
['C:\\Users\\richa\\OneDrive - Nexus365\\Documents\\HPV sim Project\\Summer\\hpvsim_working']
['C:\\Users\\richa\\OneDrive - Nexus365\\Documents\\HPV sim Project\\Summer\\hpvsim_working']
HPVsim 2.2.4 (2025-08-20) — © 2023-2025 by IDM
['C:\\Users\\richa\\OneDrive - Nexus365\\Documents\\HPV sim Project\\Summer\\hpvsim_working']
HPVsim 2.2.4 (2025-08-20) — © 2023-2025 by IDM
['C:\\Users\\richa\\OneDrive - Nexus365\\Documents\\HPV sim Project\\Summer\\hpvsim_working']
HPVsim 2.2.4 (2025-08-20) — © 2023-2025 by IDM
['C:\\Users\\richa\\OneDrive - Nexus365\\Documents\\HPV sim Project\\Summer\\hpvsim_working']
HPVsim 2.2.4 (2025-08-20) — © 2023-2025 by IDM
['C:\\Users\\richa\\OneDrive - Nexus365\\Documents\\HPV sim Project\\Summer\\hpvsim_working']
C:\Users\richa\OneDrive - Nexus365\Documents\HPV sim Project\Summer\hpvsim_working\interventions.py:364: RuntimeWarning: invalid value encountered in power
  if self.annual_prob: self.prob = 1-(1-self.prob)**sim['dt']
Loading location-specific data for "united kingdom"
C:\Users\richa\OneDrive - Nexus365\Documents\HPV sim Project\Summer\hpvsim_working\interventions.py:364: RuntimeWarning: invalid value encountered in power
  if self.annual_prob: self.prob = 1-(1-self.prob)**sim['dt']
Loading location-specific data for "united kingdom"
C:\Users\richa\OneDrive - Nexus365\Documents\HPV sim Project\Summer\hpvsim_working\interventions.py:364: RuntimeWarning: invalid value encountered in power
  if self.annual_prob: self.prob = 1-(1-self.prob)**sim['dt']
Loading location-specific data for "united kingdom"
C:\Users\richa\OneDrive - Nexus365\Documents\HPV sim Project\Summer\hpvsim_working\interventions.py:364: RuntimeWarning: invalid value encountered in power
  if self.annual_prob: self.prob = 1-(1-self.prob)**sim['dt']
Loading location-specific data for "united kingdom"
C:\Users\richa\OneDrive - Nexus365\Documents\HPV sim Project\Summer\hpvsim_working\interventions.py:364: RuntimeWarning: invalid value encountered in power
  if self.annual_prob: self.prob = 1-(1-self.prob)**sim['dt']
Loading location-specific data for "united kingdom"
Interpretable -> runtime parameters  [age+community bipartite dcSBM]
  N_U=38073  N_V=38058
  partners/yr = 1.4  ->  momentary mean degree k_snap = 0.9890
  Gamma shape: U=2.0  V=2.0   theta_floor=0.0  (CV_U=0.71)
  durations: short=12.3 (q=0.0813), long=172.9 (q=0.0058); standing long-frac target=0.618
  communities=1, age bands=16 (edges=(5.0, 10.0, 15.0, 20.0, 25.0, 30.0, 35.0, 40.0, 45.0, 50.0, 55.0, 60.0, 65.0, 70.0, 75.0)); blocks=16
  rho=2.598147e-05  (should be << 1)
Interpretable -> runtime parameters  [age+community bipartite dcSBM]
  N_U=38481  N_V=37932
  partners/yr = 1.4  ->  momentary mean degree k_snap = 0.9890
  Gamma shape: U=2.0  V=2.0   theta_floor=0.0  (CV_U=0.71)
  durations: short=12.3 (q=0.0813), long=172.9 (q=0.0058); standing long-frac target=0.618
  communities=1, age bands=16 (edges=(5.0, 10.0, 15.0, 20.0, 25.0, 30.0, 35.0, 40.0, 45.0, 50.0, 55.0, 60.0, 65.0, 70.0, 75.0)); blocks=16
  rho=2.588625e-05  (should be << 1)
Interpretable -> runtime parameters  [age+community bipartite dcSBM]
  N_U=38079  N_V=38299
  partners/yr = 1.4  ->  momentary mean degree k_snap = 0.9890
  Gamma shape: U=2.0  V=2.0   theta_floor=0.0  (CV_U=0.71)
  durations: short=12.3 (q=0.0813), long=172.9 (q=0.0058); standing long-frac target=0.618
  communities=1, age bands=16 (edges=(5.0, 10.0, 15.0, 20.0, 25.0, 30.0, 35.0, 40.0, 45.0, 50.0, 55.0, 60.0, 65.0, 70.0, 75.0)); blocks=16
  rho=2.589755e-05  (should be << 1)
Interpretable -> runtime parameters  [age+community bipartite dcSBM]
  N_U=38064  N_V=38308
  partners/yr = 1.4  ->  momentary mean degree k_snap = 0.9890
  Gamma shape: U=2.0  V=2.0   theta_floor=0.0  (CV_U=0.71)
  durations: short=12.3 (q=0.0813), long=172.9 (q=0.0058); standing long-frac target=0.618
  communities=1, age bands=16 (edges=(5.0, 10.0, 15.0, 20.0, 25.0, 30.0, 35.0, 40.0, 45.0, 50.0, 55.0, 60.0, 65.0, 70.0, 75.0)); blocks=16
  rho=2.589961e-05  (should be << 1)
Interpretable -> runtime parameters  [age+community bipartite dcSBM]
  N_U=38062  N_V=38240
  partners/yr = 1.4  ->  momentary mean degree k_snap = 0.9890
  Gamma shape: U=2.0  V=2.0   theta_floor=0.0  (CV_U=0.71)
  durations: short=12.3 (q=0.0813), long=172.9 (q=0.0058); standing long-frac target=0.618
  communities=1, age bands=16 (edges=(5.0, 10.0, 15.0, 20.0, 25.0, 30.0, 35.0, 40.0, 45.0, 50.0, 55.0, 60.0, 65.0, 70.0, 75.0)); blocks=16
  rho=2.592331e-05  (should be << 1)
Sim("gamma2_meandeg1p4_vaxgeno_100k_1900_2050_50runs"; 1900 to 2050; pop: 100000 community; epi: 1.2167e+08⚙, 143102♋︎)
Sim("gamma2_meandeg1p4_vaxgeno_100k_1900_2050_50runs"; 1900 to 2050; pop: 100000 community; epi: 3.48177e+08⚙, 356408♋︎)
Sim("gamma2_meandeg1p4_vaxgeno_100k_1900_2050_50runs"; 1900 to 2050; pop: 100000 community; epi: 2.2356e+08⚙, 250304♋︎)
Sim("gamma2_meandeg1p4_vaxgeno_100k_1900_2050_50runs"; 1900 to 2050; pop: 100000 community; epi: 4.0679e+08⚙, 412380♋︎)
Sim("gamma2_meandeg1p4_vaxgeno_100k_1900_2050_50runs"; 1900 to 2050; pop: 100000 community; epi: 4.2621e+08⚙, 437546♋︎)
MultiSim run complete.
Seed:30 is done  --  123 columns, final hpv16 prevalence 0.0275
Seed:31 is done  --  123 columns, final hpv16 prevalence 0.0219
Seed:32 is done  --  123 columns, final hpv16 prevalence 0.0201
Seed:33 is done  --  123 columns, final hpv16 prevalence 0.0271
Seed:34 is done  --  123 columns, final hpv16 prevalence 0.0169
Loading location-specific demographic data for "united kingdom"
Running MultiSim with n_runs = 5  (seeds 35-39) ...
HPVsim 2.2.4 (2025-08-20) — © 2023-2025 by IDM
['C:\\Users\\richa\\OneDrive - Nexus365\\Documents\\HPV sim Project\\Summer\\hpvsim_working']
HPVsim 2.2.4 (2025-08-20) — © 2023-2025 by IDM
['C:\\Users\\richa\\OneDrive - Nexus365\\Documents\\HPV sim Project\\Summer\\hpvsim_working']
HPVsim 2.2.4 (2025-08-20) — © 2023-2025 by IDM
['C:\\Users\\richa\\OneDrive - Nexus365\\Documents\\HPV sim Project\\Summer\\hpvsim_working']
HPVsim 2.2.4 (2025-08-20) — © 2023-2025 by IDM
['C:\\Users\\richa\\OneDrive - Nexus365\\Documents\\HPV sim Project\\Summer\\hpvsim_working']
HPVsim 2.2.4 (2025-08-20) — © 2023-2025 by IDM
['C:\\Users\\richa\\OneDrive - Nexus365\\Documents\\HPV sim Project\\Summer\\hpvsim_working']
HPVsim 2.2.4 (2025-08-20) — © 2023-2025 by IDM
['C:\\Users\\richa\\OneDrive - Nexus365\\Documents\\HPV sim Project\\Summer\\hpvsim_working']
C:\Users\richa\OneDrive - Nexus365\Documents\HPV sim Project\Summer\hpvsim_working\interventions.py:364: RuntimeWarning: invalid value encountered in power
  if self.annual_prob: self.prob = 1-(1-self.prob)**sim['dt']
Loading location-specific data for "united kingdom"
C:\Users\richa\OneDrive - Nexus365\Documents\HPV sim Project\Summer\hpvsim_working\interventions.py:364: RuntimeWarning: invalid value encountered in power
  if self.annual_prob: self.prob = 1-(1-self.prob)**sim['dt']
Loading location-specific data for "united kingdom"
C:\Users\richa\OneDrive - Nexus365\Documents\HPV sim Project\Summer\hpvsim_working\interventions.py:364: RuntimeWarning: invalid value encountered in power
  if self.annual_prob: self.prob = 1-(1-self.prob)**sim['dt']
Loading location-specific data for "united kingdom"
C:\Users\richa\OneDrive - Nexus365\Documents\HPV sim Project\Summer\hpvsim_working\interventions.py:364: RuntimeWarning: invalid value encountered in power
  if self.annual_prob: self.prob = 1-(1-self.prob)**sim['dt']
Loading location-specific data for "united kingdom"
C:\Users\richa\OneDrive - Nexus365\Documents\HPV sim Project\Summer\hpvsim_working\interventions.py:364: RuntimeWarning: invalid value encountered in power
  if self.annual_prob: self.prob = 1-(1-self.prob)**sim['dt']
Loading location-specific data for "united kingdom"
Interpretable -> runtime parameters  [age+community bipartite dcSBM]
  N_U=38110  N_V=38215
  partners/yr = 1.4  ->  momentary mean degree k_snap = 0.9890
  Gamma shape: U=2.0  V=2.0   theta_floor=0.0  (CV_U=0.71)
  durations: short=12.3 (q=0.0813), long=172.9 (q=0.0058); standing long-frac target=0.618
  communities=1, age bands=16 (edges=(5.0, 10.0, 15.0, 20.0, 25.0, 30.0, 35.0, 40.0, 45.0, 50.0, 55.0, 60.0, 65.0, 70.0, 75.0)); blocks=16
  rho=2.591545e-05  (should be << 1)
Interpretable -> runtime parameters  [age+community bipartite dcSBM]
  N_U=38147  N_V=38110
  partners/yr = 1.4  ->  momentary mean degree k_snap = 0.9890
  Gamma shape: U=2.0  V=2.0   theta_floor=0.0  (CV_U=0.71)
  durations: short=12.3 (q=0.0813), long=172.9 (q=0.0058); standing long-frac target=0.618
  communities=1, age bands=16 (edges=(5.0, 10.0, 15.0, 20.0, 25.0, 30.0, 35.0, 40.0, 45.0, 50.0, 55.0, 60.0, 65.0, 70.0, 75.0)); blocks=16
  rho=2.593854e-05  (should be << 1)
Interpretable -> runtime parameters  [age+community bipartite dcSBM]
  N_U=37920  N_V=38314
  partners/yr = 1.4  ->  momentary mean degree k_snap = 0.9890
  Gamma shape: U=2.0  V=2.0   theta_floor=0.0  (CV_U=0.71)
  durations: short=12.3 (q=0.0813), long=172.9 (q=0.0058); standing long-frac target=0.618
  communities=1, age bands=16 (edges=(5.0, 10.0, 15.0, 20.0, 25.0, 30.0, 35.0, 40.0, 45.0, 50.0, 55.0, 60.0, 65.0, 70.0, 75.0)); blocks=16
  rho=2.594671e-05  (should be << 1)
Interpretable -> runtime parameters  [age+community bipartite dcSBM]
  N_U=38085  N_V=38151
  partners/yr = 1.4  ->  momentary mean degree k_snap = 0.9890
  Gamma shape: U=2.0  V=2.0   theta_floor=0.0  (CV_U=0.71)
  durations: short=12.3 (q=0.0813), long=172.9 (q=0.0058); standing long-frac target=0.618
  communities=1, age bands=16 (edges=(5.0, 10.0, 15.0, 20.0, 25.0, 30.0, 35.0, 40.0, 45.0, 50.0, 55.0, 60.0, 65.0, 70.0, 75.0)); blocks=16
  rho=2.594569e-05  (should be << 1)
Interpretable -> runtime parameters  [age+community bipartite dcSBM]
  N_U=38285  N_V=38201
  partners/yr = 1.4  ->  momentary mean degree k_snap = 0.9890
  Gamma shape: U=2.0  V=2.0   theta_floor=0.0  (CV_U=0.71)
  durations: short=12.3 (q=0.0813), long=172.9 (q=0.0058); standing long-frac target=0.618
  communities=1, age bands=16 (edges=(5.0, 10.0, 15.0, 20.0, 25.0, 30.0, 35.0, 40.0, 45.0, 50.0, 55.0, 60.0, 65.0, 70.0, 75.0)); blocks=16
  rho=2.586089e-05  (should be << 1)
Sim("gamma2_meandeg1p4_vaxgeno_100k_1900_2050_50runs"; 1900 to 2050; pop: 100000 community; epi: 3.23848e+08⚙, 337234♋︎)
Sim("gamma2_meandeg1p4_vaxgeno_100k_1900_2050_50runs"; 1900 to 2050; pop: 100000 community; epi: 3.78819e+08⚙, 402644♋︎)
Sim("gamma2_meandeg1p4_vaxgeno_100k_1900_2050_50runs"; 1900 to 2050; pop: 100000 community; epi: 3.22347e+08⚙, 342926♋︎)
Sim("gamma2_meandeg1p4_vaxgeno_100k_1900_2050_50runs"; 1900 to 2050; pop: 100000 community; epi: 4.18383e+08⚙, 423915♋︎)
Sim("gamma2_meandeg1p4_vaxgeno_100k_1900_2050_50runs"; 1900 to 2050; pop: 100000 community; epi: 4.17876e+08⚙, 426960♋︎)
MultiSim run complete.
Seed:35 is done  --  123 columns, final hpv16 prevalence 0.0240
Seed:36 is done  --  123 columns, final hpv16 prevalence 0.0264
Seed:37 is done  --  123 columns, final hpv16 prevalence 0.0268
Seed:38 is done  --  123 columns, final hpv16 prevalence 0.0232
Seed:39 is done  --  123 columns, final hpv16 prevalence 0.0240
Loading location-specific demographic data for "united kingdom"
Running MultiSim with n_runs = 5  (seeds 40-44) ...
HPVsim 2.2.4 (2025-08-20) — © 2023-2025 by IDM
['C:\\Users\\richa\\OneDrive - Nexus365\\Documents\\HPV sim Project\\Summer\\hpvsim_working']
HPVsim 2.2.4 (2025-08-20) — © 2023-2025 by IDM
HPVsim 2.2.4 (2025-08-20) — © 2023-2025 by IDM
['C:\\Users\\richa\\OneDrive - Nexus365\\Documents\\HPV sim Project\\Summer\\hpvsim_working']
['C:\\Users\\richa\\OneDrive - Nexus365\\Documents\\HPV sim Project\\Summer\\hpvsim_working']
HPVsim 2.2.4 (2025-08-20) — © 2023-2025 by IDM
['C:\\Users\\richa\\OneDrive - Nexus365\\Documents\\HPV sim Project\\Summer\\hpvsim_working']
HPVsim 2.2.4 (2025-08-20) — © 2023-2025 by IDM
HPVsim 2.2.4 (2025-08-20) — © 2023-2025 by IDM
['C:\\Users\\richa\\OneDrive - Nexus365\\Documents\\HPV sim Project\\Summer\\hpvsim_working']
['C:\\Users\\richa\\OneDrive - Nexus365\\Documents\\HPV sim Project\\Summer\\hpvsim_working']
C:\Users\richa\OneDrive - Nexus365\Documents\HPV sim Project\Summer\hpvsim_working\interventions.py:364: RuntimeWarning: invalid value encountered in power
  if self.annual_prob: self.prob = 1-(1-self.prob)**sim['dt']
Loading location-specific data for "united kingdom"
C:\Users\richa\OneDrive - Nexus365\Documents\HPV sim Project\Summer\hpvsim_working\interventions.py:364: RuntimeWarning: invalid value encountered in power
  if self.annual_prob: self.prob = 1-(1-self.prob)**sim['dt']
Loading location-specific data for "united kingdom"
C:\Users\richa\OneDrive - Nexus365\Documents\HPV sim Project\Summer\hpvsim_working\interventions.py:364: RuntimeWarning: invalid value encountered in power
  if self.annual_prob: self.prob = 1-(1-self.prob)**sim['dt']
Loading location-specific data for "united kingdom"
C:\Users\richa\OneDrive - Nexus365\Documents\HPV sim Project\Summer\hpvsim_working\interventions.py:364: RuntimeWarning: invalid value encountered in power
  if self.annual_prob: self.prob = 1-(1-self.prob)**sim['dt']
Loading location-specific data for "united kingdom"
C:\Users\richa\OneDrive - Nexus365\Documents\HPV sim Project\Summer\hpvsim_working\interventions.py:364: RuntimeWarning: invalid value encountered in power
  if self.annual_prob: self.prob = 1-(1-self.prob)**sim['dt']
Loading location-specific data for "united kingdom"
Interpretable -> runtime parameters  [age+community bipartite dcSBM]
  N_U=38103  N_V=38078
  partners/yr = 1.4  ->  momentary mean degree k_snap = 0.9890
  Gamma shape: U=2.0  V=2.0   theta_floor=0.0  (CV_U=0.71)
  durations: short=12.3 (q=0.0813), long=172.9 (q=0.0058); standing long-frac target=0.618
  communities=1, age bands=16 (edges=(5.0, 10.0, 15.0, 20.0, 25.0, 30.0, 35.0, 40.0, 45.0, 50.0, 55.0, 60.0, 65.0, 70.0, 75.0)); blocks=16
  rho=2.596442e-05  (should be << 1)
Interpretable -> runtime parameters  [age+community bipartite dcSBM]
  N_U=38025  N_V=38175
  partners/yr = 1.4  ->  momentary mean degree k_snap = 0.9890
  Gamma shape: U=2.0  V=2.0   theta_floor=0.0  (CV_U=0.71)
  durations: short=12.3 (q=0.0813), long=172.9 (q=0.0058); standing long-frac target=0.618
  communities=1, age bands=16 (edges=(5.0, 10.0, 15.0, 20.0, 25.0, 30.0, 35.0, 40.0, 45.0, 50.0, 55.0, 60.0, 65.0, 70.0, 75.0)); blocks=16
  rho=2.595799e-05  (should be << 1)
Interpretable -> runtime parameters  [age+community bipartite dcSBM]
  N_U=38109  N_V=38064
  partners/yr = 1.4  ->  momentary mean degree k_snap = 0.9890
  Gamma shape: U=2.0  V=2.0   theta_floor=0.0  (CV_U=0.71)
  durations: short=12.3 (q=0.0813), long=172.9 (q=0.0058); standing long-frac target=0.618
  communities=1, age bands=16 (edges=(5.0, 10.0, 15.0, 20.0, 25.0, 30.0, 35.0, 40.0, 45.0, 50.0, 55.0, 60.0, 65.0, 70.0, 75.0)); blocks=16
  rho=2.596715e-05  (should be << 1)
Interpretable -> runtime parameters  [age+community bipartite dcSBM]
  N_U=38443  N_V=38207
  partners/yr = 1.4  ->  momentary mean degree k_snap = 0.9890
  Gamma shape: U=2.0  V=2.0   theta_floor=0.0  (CV_U=0.71)
  durations: short=12.3 (q=0.0813), long=172.9 (q=0.0058); standing long-frac target=0.618
  communities=1, age bands=16 (edges=(5.0, 10.0, 15.0, 20.0, 25.0, 30.0, 35.0, 40.0, 45.0, 50.0, 55.0, 60.0, 65.0, 70.0, 75.0)); blocks=16
  rho=2.580567e-05  (should be << 1)
Interpretable -> runtime parameters  [age+community bipartite dcSBM]
  N_U=38012  N_V=38258
  partners/yr = 1.4  ->  momentary mean degree k_snap = 0.9890
  Gamma shape: U=2.0  V=2.0   theta_floor=0.0  (CV_U=0.71)
  durations: short=12.3 (q=0.0813), long=172.9 (q=0.0058); standing long-frac target=0.618
  communities=1, age bands=16 (edges=(5.0, 10.0, 15.0, 20.0, 25.0, 30.0, 35.0, 40.0, 45.0, 50.0, 55.0, 60.0, 65.0, 70.0, 75.0)); blocks=16
  rho=2.593425e-05  (should be << 1)
Sim("gamma2_meandeg1p4_vaxgeno_100k_1900_2050_50runs"; 1900 to 2050; pop: 100000 community; epi: 1.65959e+08⚙, 193183♋︎)
Sim("gamma2_meandeg1p4_vaxgeno_100k_1900_2050_50runs"; 1900 to 2050; pop: 100000 community; epi: 2.98889e+08⚙, 339731♋︎)
Sim("gamma2_meandeg1p4_vaxgeno_100k_1900_2050_50runs"; 1900 to 2050; pop: 100000 community; epi: 3.19177e+08⚙, 337734♋︎)
Sim("gamma2_meandeg1p4_vaxgeno_100k_1900_2050_50runs"; 1900 to 2050; pop: 100000 community; epi: 3.94362e+08⚙, 391160♋︎)
Sim("gamma2_meandeg1p4_vaxgeno_100k_1900_2050_50runs"; 1900 to 2050; pop: 100000 community; epi: 3.32587e+08⚙, 350865♋︎)
MultiSim run complete.
Seed:40 is done  --  123 columns, final hpv16 prevalence 0.0169
Seed:41 is done  --  123 columns, final hpv16 prevalence 0.0237
Seed:42 is done  --  123 columns, final hpv16 prevalence 0.0247
Seed:43 is done  --  123 columns, final hpv16 prevalence 0.0243
Seed:44 is done  --  123 columns, final hpv16 prevalence 0.0279
Loading location-specific demographic data for "united kingdom"
Running MultiSim with n_runs = 5  (seeds 45-49) ...
HPVsim 2.2.4 (2025-08-20) — © 2023-2025 by IDM
['C:\\Users\\richa\\OneDrive - Nexus365\\Documents\\HPV sim Project\\Summer\\hpvsim_working']
HPVsim 2.2.4 (2025-08-20) — © 2023-2025 by IDM
HPVsim 2.2.4 (2025-08-20) — © 2023-2025 by IDM
HPVsim 2.2.4 (2025-08-20) — © 2023-2025 by IDM
HPVsim 2.2.4 (2025-08-20) — © 2023-2025 by IDM
HPVsim 2.2.4 (2025-08-20) — © 2023-2025 by IDM
['C:\\Users\\richa\\OneDrive - Nexus365\\Documents\\HPV sim Project\\Summer\\hpvsim_working']
['C:\\Users\\richa\\OneDrive - Nexus365\\Documents\\HPV sim Project\\Summer\\hpvsim_working']
['C:\\Users\\richa\\OneDrive - Nexus365\\Documents\\HPV sim Project\\Summer\\hpvsim_working']
['C:\\Users\\richa\\OneDrive - Nexus365\\Documents\\HPV sim Project\\Summer\\hpvsim_working']
['C:\\Users\\richa\\OneDrive - Nexus365\\Documents\\HPV sim Project\\Summer\\hpvsim_working']
C:\Users\richa\OneDrive - Nexus365\Documents\HPV sim Project\Summer\hpvsim_working\interventions.py:364: RuntimeWarning: invalid value encountered in power
  if self.annual_prob: self.prob = 1-(1-self.prob)**sim['dt']
Loading location-specific data for "united kingdom"
C:\Users\richa\OneDrive - Nexus365\Documents\HPV sim Project\Summer\hpvsim_working\interventions.py:364: RuntimeWarning: invalid value encountered in power
  if self.annual_prob: self.prob = 1-(1-self.prob)**sim['dt']
Loading location-specific data for "united kingdom"
C:\Users\richa\OneDrive - Nexus365\Documents\HPV sim Project\Summer\hpvsim_working\interventions.py:364: RuntimeWarning: invalid value encountered in power
  if self.annual_prob: self.prob = 1-(1-self.prob)**sim['dt']
Loading location-specific data for "united kingdom"
C:\Users\richa\OneDrive - Nexus365\Documents\HPV sim Project\Summer\hpvsim_working\interventions.py:364: RuntimeWarning: invalid value encountered in power
  if self.annual_prob: self.prob = 1-(1-self.prob)**sim['dt']
Loading location-specific data for "united kingdom"
C:\Users\richa\OneDrive - Nexus365\Documents\HPV sim Project\Summer\hpvsim_working\interventions.py:364: RuntimeWarning: invalid value encountered in power
  if self.annual_prob: self.prob = 1-(1-self.prob)**sim['dt']
Loading location-specific data for "united kingdom"
Interpretable -> runtime parameters  [age+community bipartite dcSBM]
  N_U=37968  N_V=38349
  partners/yr = 1.4  ->  momentary mean degree k_snap = 0.9890
  Gamma shape: U=2.0  V=2.0   theta_floor=0.0  (CV_U=0.71)
  durations: short=12.3 (q=0.0813), long=172.9 (q=0.0058); standing long-frac target=0.618
  communities=1, age bands=16 (edges=(5.0, 10.0, 15.0, 20.0, 25.0, 30.0, 35.0, 40.0, 45.0, 50.0, 55.0, 60.0, 65.0, 70.0, 75.0)); blocks=16
  rho=2.591847e-05  (should be << 1)
Interpretable -> runtime parameters  [age+community bipartite dcSBM]
  N_U=38278  N_V=38069
  partners/yr = 1.4  ->  momentary mean degree k_snap = 0.9890
  Gamma shape: U=2.0  V=2.0   theta_floor=0.0  (CV_U=0.71)
  durations: short=12.3 (q=0.0813), long=172.9 (q=0.0058); standing long-frac target=0.618
  communities=1, age bands=16 (edges=(5.0, 10.0, 15.0, 20.0, 25.0, 30.0, 35.0, 40.0, 45.0, 50.0, 55.0, 60.0, 65.0, 70.0, 75.0)); blocks=16
  rho=2.590806e-05  (should be << 1)
Interpretable -> runtime parameters  [age+community bipartite dcSBM]
  N_U=37994  N_V=38377
  partners/yr = 1.4  ->  momentary mean degree k_snap = 0.9890
  Gamma shape: U=2.0  V=2.0   theta_floor=0.0  (CV_U=0.71)
  durations: short=12.3 (q=0.0813), long=172.9 (q=0.0058); standing long-frac target=0.618
  communities=1, age bands=16 (edges=(5.0, 10.0, 15.0, 20.0, 25.0, 30.0, 35.0, 40.0, 45.0, 50.0, 55.0, 60.0, 65.0, 70.0, 75.0)); blocks=16
  rho=2.590015e-05  (should be << 1)
Interpretable -> runtime parameters  [age+community bipartite dcSBM]
  N_U=38170  N_V=38129
  partners/yr = 1.4  ->  momentary mean degree k_snap = 0.9890
  Gamma shape: U=2.0  V=2.0   theta_floor=0.0  (CV_U=0.71)
  durations: short=12.3 (q=0.0813), long=172.9 (q=0.0058); standing long-frac target=0.618
  communities=1, age bands=16 (edges=(5.0, 10.0, 15.0, 20.0, 25.0, 30.0, 35.0, 40.0, 45.0, 50.0, 55.0, 60.0, 65.0, 70.0, 75.0)); blocks=16
  rho=2.592426e-05  (should be << 1)
Interpretable -> runtime parameters  [age+community bipartite dcSBM]
  N_U=38315  N_V=37942
  partners/yr = 1.4  ->  momentary mean degree k_snap = 0.9890
  Gamma shape: U=2.0  V=2.0   theta_floor=0.0  (CV_U=0.71)
  durations: short=12.3 (q=0.0813), long=172.9 (q=0.0058); standing long-frac target=0.618
  communities=1, age bands=16 (edges=(5.0, 10.0, 15.0, 20.0, 25.0, 30.0, 35.0, 40.0, 45.0, 50.0, 55.0, 60.0, 65.0, 70.0, 75.0)); blocks=16
  rho=2.593885e-05  (should be << 1)
Sim("gamma2_meandeg1p4_vaxgeno_100k_1900_2050_50runs"; 1900 to 2050; pop: 100000 community; epi: 3.99223e+08⚙, 395554♋︎)
Sim("gamma2_meandeg1p4_vaxgeno_100k_1900_2050_50runs"; 1900 to 2050; pop: 100000 community; epi: 2.56541e+08⚙, 285855♋︎)
Sim("gamma2_meandeg1p4_vaxgeno_100k_1900_2050_50runs"; 1900 to 2050; pop: 100000 community; epi: 4.06634e+08⚙, 406738♋︎)
Sim("gamma2_meandeg1p4_vaxgeno_100k_1900_2050_50runs"; 1900 to 2050; pop: 100000 community; epi: 3.45241e+08⚙, 364696♋︎)
Sim("gamma2_meandeg1p4_vaxgeno_100k_1900_2050_50runs"; 1900 to 2050; pop: 100000 community; epi: 3.8294e+08⚙, 391809♋︎)
MultiSim run complete.
Seed:45 is done  --  123 columns, final hpv16 prevalence 0.0258
Seed:46 is done  --  123 columns, final hpv16 prevalence 0.0245
Seed:47 is done  --  123 columns, final hpv16 prevalence 0.0268
Seed:48 is done  --  123 columns, final hpv16 prevalence 0.0247
Seed:49 is done  --  123 columns, final hpv16 prevalence 0.0221

Done. Wrote C:\Users\richa\OneDrive - Nexus365\Documents\HPV sim Project\Summer\csvs\gamma2_meandeg1p4_vaxgeno_100k_1900_2050_50runs.csv
