HPVsim 2.2.4 (2025-08-20) — © 2023-2025 by IDM
['C:\\Users\\richa\\OneDrive - Nexus365\\Documents\\HPV sim Project\\Summer\\hpvsim_working']
HPVsim 2.2.4 (2025-08-20) — © 2023-2025 by IDM
['C:\\Users\\richa\\OneDrive - Nexus365\\Documents\\HPV sim Project\\Summer\\hpvsim_working']
HPVsim 2.2.4 (2025-08-20) — © 2023-2025 by IDM
['C:\\Users\\richa\\OneDrive - Nexus365\\Documents\\HPV sim Project\\Summer\\hpvsim_working']
HPVsim 2.2.4 (2025-08-20) — © 2023-2025 by IDM
HPVsim 2.2.4 (2025-08-20) — © 2023-2025 by IDM
['C:\\Users\\richa\\OneDrive - Nexus365\\Documents\\HPV sim Project\\Summer\\hpvsim_working']
['C:\\Users\\richa\\OneDrive - Nexus365\\Documents\\HPV sim Project\\Summer\\hpvsim_working']
HPVsim 2.2.4 (2025-08-20) — © 2023-2025 by IDM
['C:\\Users\\richa\\OneDrive - Nexus365\\Documents\\HPV sim Project\\Summer\\hpvsim_working']
HPVsim 2.2.4 (2025-08-20) — © 2023-2025 by IDM
['C:\\Users\\richa\\OneDrive - Nexus365\\Documents\\HPV sim Project\\Summer\\hpvsim_working']
Loading location-specific demographic data for "united kingdom"
Loading location-specific demographic data for "united kingdom"
Loading location-specific demographic data for "united kingdom"
Loading location-specific demographic data for "united kingdom"
Loading location-specific demographic data for "united kingdom"
Interpretable -> runtime parameters  [age+community bipartite dcSBM]
  N_U=375  N_V=391
  partners/yr = 1.5  ->  momentary mean degree k_snap = 1.0596
  Gamma shape: U=1.0  V=1.0   theta_floor=0.0  (CV_U=1.00)
  durations: short=12.3 (q=0.0813), long=172.9 (q=0.0058); standing long-frac target=0.618
  communities=4, age bands=16 (edges=(5.0, 10.0, 15.0, 20.0, 25.0, 30.0, 35.0, 40.0, 45.0, 50.0, 55.0, 60.0, 65.0, 70.0, 75.0)); blocks=64
  rho=2.767288e-03  (should be << 1)
Interpretable -> runtime parameters  [age+community bipartite dcSBM]
  N_U=375  N_V=391
  partners/yr = 1.5  ->  momentary mean degree k_snap = 1.0596
  Gamma shape: U=0.05  V=0.05   theta_floor=0.0  (CV_U=4.47)
  durations: short=12.3 (q=0.0813), long=172.9 (q=0.0058); standing long-frac target=0.618
  communities=4, age bands=16 (edges=(5.0, 10.0, 15.0, 20.0, 25.0, 30.0, 35.0, 40.0, 45.0, 50.0, 55.0, 60.0, 65.0, 70.0, 75.0)); blocks=64
  rho=2.767288e-03  (should be << 1)
Interpretable -> runtime parameters  [age+community bipartite dcSBM]
  N_U=375  N_V=391
  partners/yr = 1.5  ->  momentary mean degree k_snap = 1.0596
  Gamma shape: U=2.0  V=2.0   theta_floor=0.0  (CV_U=0.71)
  durations: short=12.3 (q=0.0813), long=172.9 (q=0.0058); standing long-frac target=0.618
  communities=4, age bands=16 (edges=(5.0, 10.0, 15.0, 20.0, 25.0, 30.0, 35.0, 40.0, 45.0, 50.0, 55.0, 60.0, 65.0, 70.0, 75.0)); blocks=64
  rho=2.767288e-03  (should be << 1)
Interpretable -> runtime parameters  [age+community bipartite dcSBM]
  N_U=375  N_V=391
  partners/yr = 1.5  ->  momentary mean degree k_snap = 1.0596
  Gamma shape: U=0.25  V=0.25   theta_floor=0.0  (CV_U=2.00)
  durations: short=12.3 (q=0.0813), long=172.9 (q=0.0058); standing long-frac target=0.618
  communities=4, age bands=16 (edges=(5.0, 10.0, 15.0, 20.0, 25.0, 30.0, 35.0, 40.0, 45.0, 50.0, 55.0, 60.0, 65.0, 70.0, 75.0)); blocks=64
  rho=2.767288e-03  (should be << 1)
     gamma0.05  n=  1000  seed=0     544 people   14060 edges  LCC 1.00  (17s)
Loading location-specific demographic data for "united kingdom"
Interpretable -> runtime parameters  [age+community bipartite dcSBM]
  N_U=375  N_V=391
  partners/yr = 1.5  ->  momentary mean degree k_snap = 1.0596
  Gamma shape: U=2.5  V=2.5   theta_floor=0.0  (CV_U=0.63)
  durations: short=12.3 (q=0.0813), long=172.9 (q=0.0058); standing long-frac target=0.618
  communities=4, age bands=16 (edges=(5.0, 10.0, 15.0, 20.0, 25.0, 30.0, 35.0, 40.0, 45.0, 50.0, 55.0, 60.0, 65.0, 70.0, 75.0)); blocks=64
  rho=2.767288e-03  (should be << 1)
     gamma0.25  n=  1000  seed=0    1142 people   14101 edges  LCC 1.00  (16s)
Loading location-specific demographic data for "united kingdom"
Interpretable -> runtime parameters  [age+community bipartite dcSBM]
  N_U=375  N_V=391
  partners/yr = 1.5  ->  momentary mean degree k_snap = 1.0596
  Gamma shape: U=5.0  V=5.0   theta_floor=0.0  (CV_U=0.45)
  durations: short=12.3 (q=0.0813), long=172.9 (q=0.0058); standing long-frac target=0.618
  communities=4, age bands=16 (edges=(5.0, 10.0, 15.0, 20.0, 25.0, 30.0, 35.0, 40.0, 45.0, 50.0, 55.0, 60.0, 65.0, 70.0, 75.0)); blocks=64
  rho=2.767288e-03  (should be << 1)
        gamma1  n=  1000  seed=0    1620 people   14276 edges  LCC 0.99  (14s)
Loading location-specific demographic data for "united kingdom"
Interpretable -> runtime parameters  [age+community bipartite dcSBM]
  N_U=375  N_V=391
  partners/yr = 3.0  ->  momentary mean degree k_snap = 1.9917
  Gamma shape: U=3.0  V=3.0   theta_floor=0.0  (CV_U=0.58)
  durations: short=12.0 (q=0.0833), long=960.0 (q=0.0010); standing long-frac target=0.5
  communities=1, age bands=16 (edges=(5.0, 10.0, 15.0, 20.0, 25.0, 30.0, 35.0, 40.0, 45.0, 50.0, 55.0, 60.0, 65.0, 70.0, 75.0)); blocks=16
  rho=5.201399e-03  (should be << 1)
        gamma2  n=  1000  seed=0    1714 people   13002 edges  LCC 0.99  (14s)
       default  n=  1000  seed=0    1851 people   11970 edges  LCC 1.00  (8s)
      gamma2.5  n=  1000  seed=0    1742 people   12133 edges  LCC 0.99  (13s)
        gamma5  n=  1000  seed=0    1717 people   12124 edges  LCC 0.99  (10s)
     powerlaw3  n=  1000  seed=0    1993 people   30916 edges  LCC 0.99  (49s)
saved C:\Users\richa\OneDrive - Nexus365\Documents\HPV sim Project\Summer\network_plots\network_grid_n1000.png
