HPVsim 2.2.4 (2025-08-20) — © 2023-2025 by IDM
['C:\\Users\\richa\\OneDrive - Nexus365\\Documents\\HPV sim Project\\Summer\\hpvsim_working']
HPVsim 2.2.4 (2025-08-20) — © 2023-2025 by IDM
['C:\\Users\\richa\\OneDrive - Nexus365\\Documents\\HPV sim Project\\Summer\\hpvsim_working']
HPVsim 2.2.4 (2025-08-20) — © 2023-2025 by IDM
HPVsim 2.2.4 (2025-08-20) — © 2023-2025 by IDM
['C:\\Users\\richa\\OneDrive - Nexus365\\Documents\\HPV sim Project\\Summer\\hpvsim_working']
['C:\\Users\\richa\\OneDrive - Nexus365\\Documents\\HPV sim Project\\Summer\\hpvsim_working']
HPVsim 2.2.4 (2025-08-20) — © 2023-2025 by IDM
['C:\\Users\\richa\\OneDrive - Nexus365\\Documents\\HPV sim Project\\Summer\\hpvsim_working']
HPVsim 2.2.4 (2025-08-20) — © 2023-2025 by IDM
HPVsim 2.2.4 (2025-08-20) — © 2023-2025 by IDM
['C:\\Users\\richa\\OneDrive - Nexus365\\Documents\\HPV sim Project\\Summer\\hpvsim_working']
['C:\\Users\\richa\\OneDrive - Nexus365\\Documents\\HPV sim Project\\Summer\\hpvsim_working']
Loading location-specific demographic data for "united kingdom"
Loading location-specific demographic data for "united kingdom"
Loading location-specific demographic data for "united kingdom"
Loading location-specific demographic data for "united kingdom"Loading location-specific demographic data for "united kingdom"

Interpretable -> runtime parameters  [age+community bipartite dcSBM]
  N_U=203  N_V=181
  partners/yr = 1.5  ->  momentary mean degree k_snap = 1.0596
  Gamma shape: U=1.0  V=1.0   theta_floor=0.0  (CV_U=1.00)
  durations: short=12.3 (q=0.0813), long=172.9 (q=0.0058); standing long-frac target=0.618
  communities=4, age bands=16 (edges=(5.0, 10.0, 15.0, 20.0, 25.0, 30.0, 35.0, 40.0, 45.0, 50.0, 55.0, 60.0, 65.0, 70.0, 75.0)); blocks=64
  rho=5.528040e-03  (should be << 1)
Interpretable -> runtime parameters  [age+community bipartite dcSBM]
  N_U=203  N_V=181
  partners/yr = 1.5  ->  momentary mean degree k_snap = 1.0596
  Gamma shape: U=0.25  V=0.25   theta_floor=0.0  (CV_U=2.00)
  durations: short=12.3 (q=0.0813), long=172.9 (q=0.0058); standing long-frac target=0.618
  communities=4, age bands=16 (edges=(5.0, 10.0, 15.0, 20.0, 25.0, 30.0, 35.0, 40.0, 45.0, 50.0, 55.0, 60.0, 65.0, 70.0, 75.0)); blocks=64
  rho=5.528040e-03  (should be << 1)
Interpretable -> runtime parameters  [age+community bipartite dcSBM]
  N_U=203  N_V=181
  partners/yr = 1.5  ->  momentary mean degree k_snap = 1.0596
  Gamma shape: U=0.05  V=0.05   theta_floor=0.0  (CV_U=4.47)
  durations: short=12.3 (q=0.0813), long=172.9 (q=0.0058); standing long-frac target=0.618
  communities=4, age bands=16 (edges=(5.0, 10.0, 15.0, 20.0, 25.0, 30.0, 35.0, 40.0, 45.0, 50.0, 55.0, 60.0, 65.0, 70.0, 75.0)); blocks=64
  rho=5.528040e-03  (should be << 1)
Interpretable -> runtime parameters  [age+community bipartite dcSBM]
  N_U=203  N_V=181
  partners/yr = 1.5  ->  momentary mean degree k_snap = 1.0596
  Gamma shape: U=2.0  V=2.0   theta_floor=0.0  (CV_U=0.71)
  durations: short=12.3 (q=0.0813), long=172.9 (q=0.0058); standing long-frac target=0.618
  communities=4, age bands=16 (edges=(5.0, 10.0, 15.0, 20.0, 25.0, 30.0, 35.0, 40.0, 45.0, 50.0, 55.0, 60.0, 65.0, 70.0, 75.0)); blocks=64
  rho=5.528040e-03  (should be << 1)
     gamma0.05  n=   500  seed=0     282 people    5449 edges  LCC 1.00  (17s)
Loading location-specific demographic data for "united kingdom"
Interpretable -> runtime parameters  [age+community bipartite dcSBM]
  N_U=203  N_V=181
  partners/yr = 1.5  ->  momentary mean degree k_snap = 1.0596
  Gamma shape: U=2.5  V=2.5   theta_floor=0.0  (CV_U=0.63)
  durations: short=12.3 (q=0.0813), long=172.9 (q=0.0058); standing long-frac target=0.618
  communities=4, age bands=16 (edges=(5.0, 10.0, 15.0, 20.0, 25.0, 30.0, 35.0, 40.0, 45.0, 50.0, 55.0, 60.0, 65.0, 70.0, 75.0)); blocks=64
  rho=5.528040e-03  (should be << 1)
     gamma0.25  n=   500  seed=0     566 people    6095 edges  LCC 1.00  (16s)
Loading location-specific demographic data for "united kingdom"
Interpretable -> runtime parameters  [age+community bipartite dcSBM]
  N_U=203  N_V=181
  partners/yr = 1.5  ->  momentary mean degree k_snap = 1.0596
  Gamma shape: U=5.0  V=5.0   theta_floor=0.0  (CV_U=0.45)
  durations: short=12.3 (q=0.0813), long=172.9 (q=0.0058); standing long-frac target=0.618
  communities=4, age bands=16 (edges=(5.0, 10.0, 15.0, 20.0, 25.0, 30.0, 35.0, 40.0, 45.0, 50.0, 55.0, 60.0, 65.0, 70.0, 75.0)); blocks=64
  rho=5.528040e-03  (should be << 1)
       default  n=   500  seed=0     929 people    6220 edges  LCC 1.00  (8s)
Loading location-specific demographic data for "united kingdom"
        gamma1  n=   500  seed=0     775 people    5816 edges  LCC 0.98  (13s)
Interpretable -> runtime parameters  [age+community bipartite dcSBM]
  N_U=203  N_V=181
  partners/yr = 3.0  ->  momentary mean degree k_snap = 1.9917
  Gamma shape: U=3.0  V=3.0   theta_floor=0.0  (CV_U=0.58)
  durations: short=12.0 (q=0.0833), long=960.0 (q=0.0010); standing long-frac target=0.5
  communities=1, age bands=16 (edges=(5.0, 10.0, 15.0, 20.0, 25.0, 30.0, 35.0, 40.0, 45.0, 50.0, 55.0, 60.0, 65.0, 70.0, 75.0)); blocks=16
  rho=1.039051e-02  (should be << 1)
        gamma2  n=   500  seed=0     819 people    6030 edges  LCC 0.98  (13s)
      gamma2.5  n=   500  seed=0     835 people    6547 edges  LCC 0.99  (11s)
        gamma5  n=   500  seed=0     854 people    6147 edges  LCC 0.98  (6s)
     powerlaw3  n=   500  seed=0     950 people   15007 edges  LCC 1.00  (41s)
saved C:\Users\richa\OneDrive - Nexus365\Documents\HPV sim Project\Summer\network_plots\network_grid_n500.png
