HPVsim 2.2.4 (2025-08-20) — © 2023-2025 by IDM
['C:\\Users\\richa\\OneDrive - Nexus365\\Documents\\HPV sim Project\\Summer\\hpvsim_working']
Recorded network: 136,971 partnerships from step 120 to 244; mean acts/yr s 37.9, l 62.5
41,262 uniform index events, 40,000 used per scan point
window R0 now {'hpv16': 0.674, 'hpv18': 0.612, 'hi5': 0.608}  saturated {'hpv16': 0.686, 'hpv18': 0.631, 'hi5': 0.622}
analytic scan loaded from powerlaw3p5_nogate_meandeg1p4_vaxgeno_100k_1900_2050_50runs_acts_scan.csv
chosen beta 0.05 (maximin 0.0519, margin 0.202); acts-equivalent scale 0.172
saved C:\Users\richa\OneDrive - Nexus365\Documents\HPV sim Project\Summer\figs\R0 corrected\powerlaw_alpha3p5_nogate\powerlaw3p5_nogate_meandeg1p4_vaxgeno_100k_1900_2050_50runs_acts_R0.png

powerlaw3p5_nogate_meandeg1p4_vaxgeno_100k_1900_2050_50runs  --  acts per relationship / per-act transmissibility for R0 in [1.0, 1.5]

Network: Power law alpha 3.5, gate off, mean degree 1.4 excl. singles, recorded 1930-1961
  other current partners at infection S (m/f): 0.648 / 0.582;  new partners per year C (m/f): 0.125 / 0.120
  dissolution q per year: s 0.998, l 0.093;  completed lengths short 11.9 mo, long 115.3 mo (censored run)
  mean transmitting period E[D] (years): hpv16 m 0.87 f 4.06; hpv18 m 0.88 f 3.23; hi5 m 0.87 f 3.10
  current transmission: beta 0.25, acts/yr at peak 50 / 80 (realised mean 37.9 / 62.5 a partnership-year)

1. ANALYTIC (partnership timelines, section 2) -- two bounds, as distinct-people / counting-reinfection:
   now        hpv16 0.67-2.19  hpv18 0.61-2.08  hi5 0.60-2.06
   saturated  hpv16 0.68-2.20  hpv18 0.63-2.14  hi5 0.62-2.09   (acts x100)
   Saturated distinct-person R0 is 0.68 at most -- below 1 at ANY number of acts.
   The reinfection-counting one over-counts, treating each back-and-forth reinfection inside a
   couple as a new, independent chain; the simulated R0 below lies between the two.

2. SIMULATED GROUND TRUTH -- realised offspring (every later transmission, reinfections included)
   of cases infected 1903-1913 in small-seed outbreaks in an immune-naive
   population, R = sqrt(R_f R_m), pooled over seeds (case-weighted):
   genotype  hpv16  hpv18    hi5  seeds
   beta                                
   0.015     0.920  0.888  0.853      3
   0.025     1.175  1.079  1.015      3
   0.030     1.186  0.988  1.102      4
   0.035     1.233  1.151  1.199      3
   0.040     1.263  1.076  1.212      4
   0.050     1.292  1.200  1.240      7
   0.060     1.290  1.228  1.238      4
   0.070     1.397  1.318  1.287      3
   0.100     1.357  1.279  1.302      3
   0.150     1.359  1.331  1.308      3
   0.250     1.387  1.373  1.338      3
   This is the per-generation growth factor, which decides persistence (on the Gamma-2 network a
   direct growth test agreed: beta 0.25 grew, 0.0344 declined). Highest simulated value per genotype: hpv16 1.40, hpv18 1.37, hi5 1.34.

3. CHOICE -- beta centring all three in [1.0, 1.5] on the fitted curves (maximin 0.0519, rounded):
   beta 0.25 -> 0.05 (x0.200), acts unchanged at 50 / 80 a year at peak
   simulated R0 at the choice (fit): hi5 1.23  hpv16 1.29  hpv18 1.20
   analytic bounds there:      hpv16 0.58-1.84  hpv18 0.50-1.63  hi5 0.51-1.70

   Needed acts, per-act transmissibility unchanged (the same R0 through section 1's equivalence,
   taken via the analytic estimator):
   acts x0.172 -> 8.6 / 13.7 a year at peak; realised 6.5 / 10.7 a partnership-year;
   about 6 acts in a short relationship and 103 in a long one (x mean completed length)
   analytic bounds there:      hpv16 0.58-1.84  hpv18 0.50-1.65  hi5 0.51-1.71   (by genotype: x0.173, x0.170, x0.171)

Per-act transmission probability p (hazard -ln(1-p)), now -> chosen:
  hpv16 s m2f:  p 0.692 -> 0.1384   hazard/act 1.177 -> 0.1489
  hpv16 s f2m:  p 0.188 -> 0.0375   hazard/act 0.208 -> 0.0382
  hpv16 l m2f:  p 0.844 -> 0.1688   hazard/act 1.858 -> 0.1849
  hpv16 l f2m:  p 0.229 -> 0.0458   hazard/act 0.260 -> 0.0468
  hpv18 s m2f:  p 0.519 -> 0.1038   hazard/act 0.732 -> 0.1096
  hpv18 s f2m:  p 0.141 -> 0.0281   hazard/act 0.152 -> 0.0285
  hpv18 l m2f:  p 0.633 -> 0.1266   hazard/act 1.003 -> 0.1354
  hpv18 l f2m:  p 0.172 -> 0.0343   hazard/act 0.188 -> 0.0349
    hi5 s m2f:  p 0.623 -> 0.1245   hazard/act 0.975 -> 0.1330
    hi5 s f2m:  p 0.169 -> 0.0338   hazard/act 0.185 -> 0.0343
    hi5 l m2f:  p 0.760 -> 0.1519   hazard/act 1.426 -> 0.1648
    hi5 l f2m:  p 0.206 -> 0.0412   hazard/act 0.231 -> 0.0420

rel_beta (unchanged): {'hpv16': 1.0, 'hpv18': 0.75, 'hi5': 0.9}
Equivalence: T = 1 - exp(-a (-ln(1-p)) overlap), so (acts, p) pairs with the same per-year hazard
a (-ln(1-p)) give the same R0 (up to HPVsim rounding acts per quarter). Scaling acts cuts every hazard
by the same factor; scaling beta cuts male->female (large p) hazards by more than female->male.

wrote C:\Users\richa\OneDrive - Nexus365\Documents\HPV sim Project\Summer\csvs\powerlaw3p5_nogate_meandeg1p4_vaxgeno_100k_1900_2050_50runs_acts_analysis.txt
