HPVsim 2.2.4 (2025-08-20) — © 2023-2025 by IDM
['C:\\Users\\richa\\OneDrive - Nexus365\\Documents\\HPV sim Project\\Summer\\hpvsim_working']
Loading location-specific demographic data for "united kingdom"

=== default / hpv16  (200000 agents, seed 2, sim 89s, estimate 10s) ===
ground truth R0 = 1.598 ± 0.128   (cases by type {'A_m': 622, 'B_m': 115, 'A_f': 743, 'B_f': 104})
   counting reinfections too: R0 = 2.629;  prevalence after cohort 1.36%
window  R0 = 1.503
closed  R0 = 2.001
K rows/cols = offspring/parent types ('A_m', 'B_m', 'A_f', 'B_f')
truth:
[[0.    0.    0.207 0.462]
 [0.    0.    1.019 3.75 ]
 [0.386 0.6   0.    0.   ]
 [0.289 0.461 0.    0.   ]]
window:
[[0.    0.    0.196 0.432]
 [0.    0.    1.023 2.758]
 [0.382 0.682 0.    0.   ]
 [0.329 0.487 0.    0.   ]]
closed:
[[0.    0.    0.234 0.494]
 [0.    0.    1.629 5.258]
 [0.446 0.719 0.    0.   ]
 [0.323 0.488 0.    0.   ]]
  A_m: n=89984  S={'m': 0.226, 'c': 0.277}  C={'m': 0.014, 'c': 0.368}
  B_m: n=34256  S={'m': 0.627, 'c': 0.181}  C={'m': 0.043, 'c': 0.534}
  A_f: n=89984  S={'m': 0.062, 'c': 0.294}  C={'m': 0.02, 'c': 0.513}
  B_f: n=34256  S={'m': 0.137, 'c': 0.614}  C={'m': 0.07, 'c': 1.648}
  q per year: {'m': 0.024, 'c': 0.932}
wrote C:\Users\richa\OneDrive - Nexus365\Documents\HPV sim Project\Summer\csvs\r0_validation_default_hpv16_seed2_sf0.01.json
