HPVsim 2.2.4 (2025-08-20) — © 2023-2025 by IDM
['C:\\Users\\richa\\OneDrive - Nexus365\\Documents\\HPV sim Project\\Summer\\hpvsim_working']
Loading location-specific demographic data for "united kingdom"
Interpretable -> runtime parameters  [age+community bipartite dcSBM]
  N_U=76755  N_V=76811
  partners/yr = 1.5  ->  momentary mean degree k_snap = 1.2777
  Gamma shape: U=2.05  V=2.05   theta_floor=0.0  (CV_U=0.70)
  durations: short=12.3 (q=0.0813), long=239.0 (q=0.0042); standing long-frac target=0.8662
  communities=1, age bands=16 (edges=(5.0, 10.0, 15.0, 20.0, 25.0, 30.0, 35.0, 40.0, 45.0, 50.0, 55.0, 60.0, 65.0, 70.0, 75.0)); blocks=16
  rho=1.663979e-05  (should be << 1)

=== powerlaw / hpv16  (200000 agents, seed 1, sim 443s, estimate 15s) ===
ground truth R0 = 3.662 ± 0.257   (cases by type {'A_m': 889, 'B_m': 58, 'A_f': 1105, 'B_f': 75})
   counting reinfections too: R0 = 8.114;  prevalence after cohort 4.03%
window  R0 = 4.974
closed  R0 = 5.414
params  R0 = 15.565   (h = 1+CV^2 = 10.76)
K rows/cols = offspring/parent types ('A_m', 'B_m', 'A_f', 'B_f')
truth:
[[0.    0.    2.51  1.547]
 [0.    0.    1.403 1.107]
 [2.945 3.138 0.    0.   ]
 [0.539 0.724 0.    0.   ]]
window:
[[0.    0.    2.965 2.849]
 [0.    0.    1.997 1.958]
 [4.188 4.185 0.    0.   ]
 [0.823 0.828 0.    0.   ]]
closed:
[[0.    0.    3.04  2.969]
 [0.    0.    2.585 2.569]
 [4.379 4.406 0.    0.   ]
 [0.828 0.84  0.    0.   ]]
  A_m: n=130828  S={'s': 0.686, 'l': 4.216}  C={'s': 0.652, 'l': 0.31}
  B_m: n=25729  S={'s': 0.717, 'l': 4.215}  C={'s': 0.678, 'l': 0.298}
  A_f: n=130828  S={'s': 0.579, 'l': 3.655}  C={'s': 0.56, 'l': 0.248}
  B_f: n=25729  S={'s': 0.59, 'l': 3.548}  C={'s': 0.551, 'l': 0.251}
  q per year: {'s': 1.04, 'l': 0.074}
wrote C:\Users\richa\OneDrive - Nexus365\Documents\HPV sim Project\Summer\csvs\r0_validation_powerlaw_hpv16_seed1_sf0.01.json
