HPVsim 2.2.4 (2025-08-20) — © 2023-2025 by IDM
['C:\\Users\\richa\\OneDrive - Nexus365\\Documents\\HPV sim Project\\Summer\\hpvsim_working']
Loading location-specific demographic data for "united kingdom"
Interpretable -> runtime parameters  [age+community bipartite dcSBM]
  N_U=38424  N_V=38473
  partners/yr = 1.5  ->  momentary mean degree k_snap = 1.0596
  Gamma shape: U=2.0  V=2.0   theta_floor=0.0  (CV_U=0.71)
  durations: short=12.3 (q=0.0813), long=172.9 (q=0.0058); standing long-frac target=0.618
  communities=1, age bands=16 (edges=(5.0, 10.0, 15.0, 20.0, 25.0, 30.0, 35.0, 40.0, 45.0, 50.0, 55.0, 60.0, 65.0, 70.0, 75.0)); blocks=16
  rho=2.755999e-05  (should be << 1)

=== gamma1 / hpv16  (100000 agents, seed 2, sim 214s, estimate 4s) ===
ground truth R0 = 2.680 ± 0.170   (cases by type {'A_m': 247, 'B_m': 71, 'A_f': 292, 'B_f': 64})
   counting reinfections too: R0 = 4.976;  prevalence after cohort 1.75%
window  R0 = 2.627
closed  R0 = 3.117
params  R0 = 2.582   (h = 1+CV^2 = 1.50)
K rows/cols = offspring/parent types ('A_m', 'B_m', 'A_f', 'B_f')
truth:
[[0.    0.    1.051 1.344]
 [0.    0.    2.089 3.25 ]
 [1.243 1.423 0.    0.   ]
 [0.563 0.662 0.    0.   ]]
window:
[[0.    0.    1.085 1.036]
 [0.    0.    2.122 2.176]
 [1.488 1.43  0.    0.   ]
 [0.704 0.699 0.    0.   ]]
closed:
[[0.    0.    1.159 1.114]
 [0.    0.    3.112 3.186]
 [1.638 1.582 0.    0.   ]
 [0.675 0.673 0.    0.   ]]
  A_m: n=36637  S={'s': 0.791, 'l': 1.067}  C={'s': 0.709, 'l': 0.104}
  B_m: n=16883  S={'s': 0.787, 'l': 1.008}  C={'s': 0.707, 'l': 0.104}
  A_f: n=36637  S={'s': 0.724, 'l': 0.972}  C={'s': 0.643, 'l': 0.096}
  B_f: n=16883  S={'s': 0.717, 'l': 0.918}  C={'s': 0.658, 'l': 0.099}
  q per year: {'s': 1.044, 'l': 0.086}
wrote C:\Users\richa\OneDrive - Nexus365\Documents\HPV sim Project\Summer\csvs\r0_validation_gamma1_hpv16_seed2_sf0.01.json
