HPVsim 2.2.4 (2025-08-20) — © 2023-2025 by IDM
['C:\\Users\\richa\\OneDrive - Nexus365\\Documents\\HPV sim Project\\Summer\\hpvsim_working']
Loading location-specific demographic data for "united kingdom"
Interpretable -> runtime parameters  [age+community bipartite dcSBM]
  N_U=76761  N_V=76553
  partners/yr = 1.5  ->  momentary mean degree k_snap = 1.2777
  Gamma shape: U=2.05  V=2.05   theta_floor=0.0  (CV_U=0.70)
  durations: short=12.3 (q=0.0813), long=239.0 (q=0.0042); standing long-frac target=0.8662
  communities=1, age bands=16 (edges=(5.0, 10.0, 15.0, 20.0, 25.0, 30.0, 35.0, 40.0, 45.0, 50.0, 55.0, 60.0, 65.0, 70.0, 75.0)); blocks=16
  rho=1.666715e-05  (should be << 1)

=== powerlaw / hpv16  (200000 agents, seed 2, sim 446s, estimate 16s) ===
ground truth R0 = 3.810 ± 0.217   (cases by type {'A_m': 880, 'B_m': 55, 'A_f': 1229, 'B_f': 52})
   counting reinfections too: R0 = 8.301;  prevalence after cohort 4.45%
window  R0 = 5.062
closed  R0 = 5.510
params  R0 = 15.565   (h = 1+CV^2 = 10.76)
K rows/cols = offspring/parent types ('A_m', 'B_m', 'A_f', 'B_f')
truth:
[[0.    0.    2.916 1.865]
 [0.    0.    1.484 0.538]
 [3.382 2.291 0.    0.   ]
 [0.509 0.491 0.    0.   ]]
window:
[[0.    0.    3.239 3.007]
 [0.    0.    1.903 1.865]
 [4.298 4.176 0.    0.   ]
 [0.771 0.772 0.    0.   ]]
closed:
[[0.    0.    3.322 3.101]
 [0.    0.    2.569 2.54 ]
 [4.463 4.358 0.    0.   ]
 [0.761 0.781 0.    0.   ]]
  A_m: n=133821  S={'s': 0.612, 'l': 4.383}  C={'s': 0.582, 'l': 0.301}
  B_m: n=24523  S={'s': 0.628, 'l': 4.25}  C={'s': 0.598, 'l': 0.31}
  A_f: n=133821  S={'s': 0.582, 'l': 4.045}  C={'s': 0.511, 'l': 0.278}
  B_f: n=24523  S={'s': 0.553, 'l': 3.766}  C={'s': 0.504, 'l': 0.276}
  q per year: {'s': 1.039, 'l': 0.074}
wrote C:\Users\richa\OneDrive - Nexus365\Documents\HPV sim Project\Summer\csvs\r0_validation_powerlaw_hpv16_seed2_sf0.01.json
