HPVsim 2.2.4 (2025-08-20) — © 2023-2025 by IDM
['C:\\Users\\richa\\OneDrive - Nexus365\\Documents\\HPV sim Project\\Summer\\hpvsim_working']
Loading location-specific demographic data for "united kingdom"

=== default / hpv16  (200000 agents, seed 2, sim 88s, estimate 9s) ===
ground truth R0 = 1.526 ± 0.306   (cases by type {'A_m': 160, 'B_m': 17, 'A_f': 179, 'B_f': 37})
   counting reinfections too: R0 = 2.409;  prevalence after cohort 0.33%
window  R0 = 1.500
closed  R0 = 2.000
K rows/cols = offspring/parent types ('A_m', 'B_m', 'A_f', 'B_f')
truth:
[[0.    0.    0.168 0.297]
 [0.    0.    0.961 2.568]
 [0.331 0.706 0.    0.   ]
 [0.281 0.588 0.    0.   ]]
window:
[[0.    0.    0.196 0.432]
 [0.    0.    1.024 2.762]
 [0.383 0.682 0.    0.   ]
 [0.33  0.483 0.    0.   ]]
closed:
[[0.    0.    0.235 0.495]
 [0.    0.    1.638 5.299]
 [0.447 0.718 0.    0.   ]
 [0.322 0.482 0.    0.   ]]
  A_m: n=89961  S={'m': 0.227, 'c': 0.277}  C={'m': 0.014, 'c': 0.368}
  B_m: n=34325  S={'m': 0.628, 'c': 0.178}  C={'m': 0.039, 'c': 0.532}
  A_f: n=89961  S={'m': 0.063, 'c': 0.294}  C={'m': 0.018, 'c': 0.516}
  B_f: n=34325  S={'m': 0.136, 'c': 0.616}  C={'m': 0.069, 'c': 1.659}
  q per year: {'m': 0.024, 'c': 0.926}
wrote C:\Users\richa\OneDrive - Nexus365\Documents\HPV sim Project\Summer\csvs\r0_validation_default_hpv16_seed2_sf0.0025.json
