HPVsim 2.2.4 (2025-08-20) — © 2023-2025 by IDM
['C:\\Users\\richa\\OneDrive - Nexus365\\Documents\\HPV sim Project\\Summer\\hpvsim_working']
Loading location-specific demographic data for "united kingdom"
Interpretable -> runtime parameters  [age+community bipartite dcSBM]
  N_U=38067  N_V=38757
  partners/yr = 1.5  ->  momentary mean degree k_snap = 1.0596
  Gamma shape: U=2.0  V=2.0   theta_floor=0.0  (CV_U=0.71)
  durations: short=12.3 (q=0.0813), long=172.9 (q=0.0058); standing long-frac target=0.618
  communities=4, age bands=16 (edges=(5.0, 10.0, 15.0, 20.0, 25.0, 30.0, 35.0, 40.0, 45.0, 50.0, 55.0, 60.0, 65.0, 70.0, 75.0)); blocks=64
  rho=2.758729e-05  (should be << 1)

=== gamma / hpv16  (100000 agents, seed 0, sim 213s, estimate 5s) ===
ground truth R0 = 2.509 ± 0.164   (cases by type {'A_m': 275, 'B_m': 56, 'A_f': 292, 'B_f': 56})
   counting reinfections too: R0 = 4.742;  prevalence after cohort 1.84%
window  R0 = 2.647
closed  R0 = 3.162
params  R0 = 2.586   (h = 1+CV^2 = 1.50)
K rows/cols = offspring/parent types ('A_m', 'B_m', 'A_f', 'B_f')
truth:
[[0.    0.    1.11  0.821]
 [0.    0.    1.925 2.554]
 [1.382 1.286 0.    0.   ]
 [0.727 0.661 0.    0.   ]]
window:
[[0.    0.    1.083 1.037]
 [0.    0.    2.182 2.183]
 [1.456 1.446 0.    0.   ]
 [0.708 0.707 0.    0.   ]]
closed:
[[0.    0.    1.16  1.118]
 [0.    0.    3.221 3.279]
 [1.61  1.6   0.    0.   ]
 [0.68  0.676 0.    0.   ]]
  A_m: n=36424  S={'s': 0.787, 'l': 1.04}  C={'s': 0.722, 'l': 0.102}
  B_m: n=17014  S={'s': 0.799, 'l': 1.016}  C={'s': 0.714, 'l': 0.105}
  A_f: n=36424  S={'s': 0.734, 'l': 0.968}  C={'s': 0.658, 'l': 0.091}
  B_f: n=17014  S={'s': 0.73, 'l': 0.914}  C={'s': 0.668, 'l': 0.095}
  q per year: {'s': 1.021, 'l': 0.084}
wrote C:\Users\richa\OneDrive - Nexus365\Documents\HPV sim Project\Summer\csvs\r0_validation_gamma_hpv16_seed0_sf0.01.json
