HPVsim 2.2.4 (2025-08-20) — © 2023-2025 by IDM
['C:\\Users\\richa\\OneDrive - Nexus365\\Documents\\HPV sim Project\\Summer\\hpvsim_working']
Loading location-specific demographic data for "united kingdom"
Interpretable -> runtime parameters  [age+community bipartite dcSBM]
  N_U=76456  N_V=77244
  partners/yr = 1.5  ->  momentary mean degree k_snap = 1.2777
  Gamma shape: U=2.05  V=2.05   theta_floor=0.0  (CV_U=0.70)
  durations: short=12.3 (q=0.0813), long=239.0 (q=0.0042); standing long-frac target=0.8662
  communities=1, age bands=16 (edges=(5.0, 10.0, 15.0, 20.0, 25.0, 30.0, 35.0, 40.0, 45.0, 50.0, 55.0, 60.0, 65.0, 70.0, 75.0)); blocks=16
  rho=1.662550e-05  (should be << 1)

=== powerlaw / hpv16  (200000 agents, seed 3, sim 415s, estimate 12s) ===
ground truth R0 = 3.537 ± 0.387   (cases by type {'A_m': 182, 'B_m': 22, 'A_f': 198, 'B_f': 13})
   counting reinfections too: R0 = 7.230;  prevalence after cohort 0.75%
window  R0 = 5.226
closed  R0 = 5.690
params  R0 = 15.565   (h = 1+CV^2 = 10.76)
K rows/cols = offspring/parent types ('A_m', 'B_m', 'A_f', 'B_f')
truth:
[[0.    0.    2.869 2.462]
 [0.    0.    1.596 1.231]
 [2.236 2.955 0.    0.   ]
 [0.407 0.318 0.    0.   ]]
window:
[[0.    0.    3.653 3.356]
 [0.    0.    2.213 2.083]
 [4.091 3.781 0.    0.   ]
 [0.743 0.724 0.    0.   ]]
closed:
[[0.    0.    3.739 3.438]
 [0.    0.    2.993 2.932]
 [4.247 3.97  0.    0.   ]
 [0.734 0.716 0.    0.   ]]
  A_m: n=126690  S={'s': 0.659, 'l': 4.102}  C={'s': 0.582, 'l': 0.272}
  B_m: n=24323  S={'s': 0.609, 'l': 3.841}  C={'s': 0.57, 'l': 0.264}
  A_f: n=126690  S={'s': 0.733, 'l': 4.499}  C={'s': 0.618, 'l': 0.303}
  B_f: n=24323  S={'s': 0.679, 'l': 4.133}  C={'s': 0.605, 'l': 0.297}
  q per year: {'s': 1.053, 'l': 0.076}
wrote C:\Users\richa\OneDrive - Nexus365\Documents\HPV sim Project\Summer\csvs\r0_validation_powerlaw_hpv16_seed3_sf0.002.json
