HPVsim 2.2.4 (2025-08-20) — © 2023-2025 by IDM
['C:\\Users\\richa\\OneDrive - Nexus365\\Documents\\HPV sim Project\\Summer\\hpvsim_working']
Loading location-specific demographic data for "united kingdom"
Interpretable -> runtime parameters  [age+community bipartite dcSBM]
  N_U=38424  N_V=38473
  partners/yr = 1.5  ->  momentary mean degree k_snap = 1.0596
  Gamma shape: U=2.0  V=2.0   theta_floor=0.0  (CV_U=0.71)
  durations: short=12.3 (q=0.0813), long=172.9 (q=0.0058); standing long-frac target=0.618
  communities=4, age bands=16 (edges=(5.0, 10.0, 15.0, 20.0, 25.0, 30.0, 35.0, 40.0, 45.0, 50.0, 55.0, 60.0, 65.0, 70.0, 75.0)); blocks=64
  rho=2.755999e-05  (should be << 1)

=== gamma / hpv16  (100000 agents, seed 2, sim 211s, estimate 4s) ===
ground truth R0 = 2.491 ± 0.178   (cases by type {'A_m': 239, 'B_m': 55, 'A_f': 333, 'B_f': 55})
   counting reinfections too: R0 = 5.042;  prevalence after cohort 1.78%
window  R0 = 2.624
closed  R0 = 3.117
params  R0 = 2.583   (h = 1+CV^2 = 1.50)
K rows/cols = offspring/parent types ('A_m', 'B_m', 'A_f', 'B_f')
truth:
[[0.    0.    0.976 1.109]
 [0.    0.    1.877 2.691]
 [1.611 1.2   0.    0.   ]
 [0.699 0.6   0.    0.   ]]
window:
[[0.    0.    1.1   1.058]
 [0.    0.    2.099 2.186]
 [1.475 1.446 0.    0.   ]
 [0.689 0.685 0.    0.   ]]
closed:
[[0.    0.    1.175 1.136]
 [0.    0.    3.106 3.192]
 [1.627 1.592 0.    0.   ]
 [0.662 0.659 0.    0.   ]]
  A_m: n=37229  S={'s': 0.759, 'l': 1.084}  C={'s': 0.686, 'l': 0.11}
  B_m: n=16804  S={'s': 0.754, 'l': 1.05}  C={'s': 0.689, 'l': 0.103}
  A_f: n=37229  S={'s': 0.706, 'l': 1.012}  C={'s': 0.636, 'l': 0.099}
  B_f: n=16804  S={'s': 0.702, 'l': 0.962}  C={'s': 0.661, 'l': 0.096}
  q per year: {'s': 1.042, 'l': 0.087}
wrote C:\Users\richa\OneDrive - Nexus365\Documents\HPV sim Project\Summer\csvs\r0_validation_gamma_hpv16_seed2_sf0.01.json
