HPVsim 2.2.4 (2025-08-20) — © 2023-2025 by IDM
['C:\\Users\\richa\\OneDrive - Nexus365\\Documents\\HPV sim Project\\Summer\\hpvsim_working']
Loading location-specific demographic data for "united kingdom"

=== default / hpv16  (200000 agents, seed 3, sim 90s, estimate 10s) ===
ground truth R0 = 1.470 ± 0.140   (cases by type {'A_m': 615, 'B_m': 104, 'A_f': 799, 'B_f': 123})
   counting reinfections too: R0 = 2.510;  prevalence after cohort 1.43%
window  R0 = 1.500
closed  R0 = 1.998
K rows/cols = offspring/parent types ('A_m', 'B_m', 'A_f', 'B_f')
truth:
[[0.    0.    0.18  0.569]
 [0.    0.    0.97  3.244]
 [0.374 0.712 0.    0.   ]
 [0.327 0.375 0.    0.   ]]
window:
[[0.    0.    0.195 0.429]
 [0.    0.    1.043 2.72 ]
 [0.383 0.676 0.    0.   ]
 [0.333 0.488 0.    0.   ]]
closed:
[[0.    0.    0.235 0.489]
 [0.    0.    1.651 5.151]
 [0.449 0.713 0.    0.   ]
 [0.33  0.494 0.    0.   ]]
  A_m: n=89744  S={'m': 0.227, 'c': 0.279}  C={'m': 0.014, 'c': 0.375}
  B_m: n=34928  S={'m': 0.622, 'c': 0.178}  C={'m': 0.041, 'c': 0.539}
  A_f: n=89744  S={'m': 0.062, 'c': 0.297}  C={'m': 0.02, 'c': 0.524}
  B_f: n=34928  S={'m': 0.135, 'c': 0.607}  C={'m': 0.071, 'c': 1.624}
  q per year: {'m': 0.024, 'c': 0.921}
wrote C:\Users\richa\OneDrive - Nexus365\Documents\HPV sim Project\Summer\csvs\r0_validation_default_hpv16_seed3_sf0.01.json
