HPVsim 2.2.4 (2025-08-20) — © 2023-2025 by IDM
['C:\\Users\\richa\\OneDrive - Nexus365\\Documents\\HPV sim Project\\Summer\\hpvsim_working']
Loading location-specific demographic data for "united kingdom"
Interpretable -> runtime parameters  [age+community bipartite dcSBM]
  N_U=38242  N_V=38484
  partners/yr = 1.5  ->  momentary mean degree k_snap = 1.0596
  Gamma shape: U=2.0  V=2.0   theta_floor=0.0  (CV_U=0.71)
  durations: short=12.3 (q=0.0813), long=172.9 (q=0.0058); standing long-frac target=0.618
  communities=1, age bands=16 (edges=(5.0, 10.0, 15.0, 20.0, 25.0, 30.0, 35.0, 40.0, 45.0, 50.0, 55.0, 60.0, 65.0, 70.0, 75.0)); blocks=16
  rho=2.762155e-05  (should be << 1)

=== gamma1 / hpv16  (100000 agents, seed 1, sim 219s, estimate 3s) ===
ground truth R0 = 2.270 ± 0.175   (cases by type {'A_m': 286, 'B_m': 57, 'A_f': 301, 'B_f': 57})
   counting reinfections too: R0 = 4.518;  prevalence after cohort 1.79%
window  R0 = 2.636
closed  R0 = 3.161
params  R0 = 2.586   (h = 1+CV^2 = 1.50)
K rows/cols = offspring/parent types ('A_m', 'B_m', 'A_f', 'B_f')
truth:
[[0.    0.    1.113 0.754]
 [0.    0.    1.605 1.772]
 [1.483 1.14  0.    0.   ]
 [0.78  0.614 0.    0.   ]]
window:
[[0.    0.    1.102 1.08 ]
 [0.    0.    2.081 2.162]
 [1.518 1.458 0.    0.   ]
 [0.686 0.694 0.    0.   ]]
closed:
[[0.    0.    1.174 1.172]
 [0.    0.    3.151 3.274]
 [1.669 1.613 0.    0.   ]
 [0.657 0.665 0.    0.   ]]
  A_m: n=37045  S={'s': 0.774, 'l': 1.118}  C={'s': 0.693, 'l': 0.101}
  B_m: n=16391  S={'s': 0.767, 'l': 1.062}  C={'s': 0.699, 'l': 0.104}
  A_f: n=37045  S={'s': 0.705, 'l': 1.008}  C={'s': 0.637, 'l': 0.098}
  B_f: n=16391  S={'s': 0.718, 'l': 0.995}  C={'s': 0.671, 'l': 0.093}
  q per year: {'s': 1.032, 'l': 0.088}
wrote C:\Users\richa\OneDrive - Nexus365\Documents\HPV sim Project\Summer\csvs\r0_validation_gamma1_hpv16_seed1_sf0.01.json
