HPVsim 2.2.4 (2025-08-20) — © 2023-2025 by IDM
['C:\\Users\\richa\\OneDrive - Nexus365\\Documents\\HPV sim Project\\Summer\\hpvsim_working']
Loading location-specific demographic data for "united kingdom"
Interpretable -> runtime parameters  [age+community bipartite dcSBM]
  N_U=77012  N_V=76759
  partners/yr = 1.5  ->  momentary mean degree k_snap = 1.2777
  Gamma shape: U=2.05  V=2.05   theta_floor=0.0  (CV_U=0.70)
  durations: short=12.3 (q=0.0813), long=239.0 (q=0.0042); standing long-frac target=0.8662
  communities=1, age bands=16 (edges=(5.0, 10.0, 15.0, 20.0, 25.0, 30.0, 35.0, 40.0, 45.0, 50.0, 55.0, 60.0, 65.0, 70.0, 75.0)); blocks=16
  rho=1.661763e-05  (should be << 1)

=== powerlaw / hpv16  (200000 agents, seed 4, sim 427s, estimate 16s) ===
ground truth R0 = 8.592 ± 2.301   (cases by type {'A_m': 157, 'B_m': 13, 'A_f': 259, 'B_f': 22})
   counting reinfections too: R0 = 17.895;  prevalence after cohort 1.26%
window  R0 = 5.791
closed  R0 = 6.259
params  R0 = 15.601   (h = 1+CV^2 = 10.76)
K rows/cols = offspring/parent types ('A_m', 'B_m', 'A_f', 'B_f')
truth:
[[0.    0.    4.066 2.909]
 [0.    0.    4.954 0.5  ]
 [6.318 9.231 0.    0.   ]
 [0.796 0.846 0.    0.   ]]
window:
[[0.    0.    3.517 3.231]
 [0.    0.    2.205 2.273]
 [4.865 5.024 0.    0.   ]
 [0.95  1.003 0.    0.   ]]
closed:
[[0.    0.    3.606 3.347]
 [0.    0.    2.834 2.865]
 [5.052 5.264 0.    0.   ]
 [0.953 0.994 0.    0.   ]]
  A_m: n=136734  S={'s': 0.75, 'l': 4.907}  C={'s': 0.743, 'l': 0.362}
  B_m: n=25983  S={'s': 0.816, 'l': 5.079}  C={'s': 0.778, 'l': 0.374}
  A_f: n=136734  S={'s': 0.682, 'l': 4.356}  C={'s': 0.589, 'l': 0.295}
  B_f: n=25983  S={'s': 0.673, 'l': 4.007}  C={'s': 0.59, 'l': 0.304}
  q per year: {'s': 1.052, 'l': 0.077}
wrote C:\Users\richa\OneDrive - Nexus365\Documents\HPV sim Project\Summer\csvs\r0_validation_powerlaw_hpv16_seed4_sf0.002.json
