HPVsim 2.2.4 (2025-08-20) — © 2023-2025 by IDM
['C:\\Users\\richa\\OneDrive - Nexus365\\Documents\\HPV sim Project\\Summer\\hpvsim_working']
Loading location-specific demographic data for "united kingdom"
Interpretable -> runtime parameters  [age+community bipartite dcSBM]
  N_U=76755  N_V=76811
  partners/yr = 1.5  ->  momentary mean degree k_snap = 1.2777
  Gamma shape: U=2.05  V=2.05   theta_floor=0.0  (CV_U=0.70)
  durations: short=12.3 (q=0.0813), long=239.0 (q=0.0042); standing long-frac target=0.8662
  communities=1, age bands=16 (edges=(5.0, 10.0, 15.0, 20.0, 25.0, 30.0, 35.0, 40.0, 45.0, 50.0, 55.0, 60.0, 65.0, 70.0, 75.0)); blocks=16
  rho=1.663979e-05  (should be << 1)

=== powerlaw / hpv16  (200000 agents, seed 1, sim 419s, estimate 14s) ===
ground truth R0 = 4.786 ± 0.838   (cases by type {'A_m': 197, 'B_m': 16, 'A_f': 191, 'B_f': 11})
   counting reinfections too: R0 = 10.276;  prevalence after cohort 0.90%
window  R0 = 4.943
closed  R0 = 5.394
params  R0 = 15.615   (h = 1+CV^2 = 10.76)
K rows/cols = offspring/parent types ('A_m', 'B_m', 'A_f', 'B_f')
truth:
[[0.    0.    2.068 3.727]
 [0.    0.    1.565 1.182]
 [4.619 5.188 0.    0.   ]
 [0.98  1.25  0.    0.   ]]
window:
[[0.    0.    3.011 2.837]
 [0.    0.    1.988 2.015]
 [4.145 4.093 0.    0.   ]
 [0.79  0.782 0.    0.   ]]
closed:
[[0.    0.    3.097 2.929]
 [0.    0.    2.628 2.661]
 [4.335 4.255 0.    0.   ]
 [0.811 0.795 0.    0.   ]]
  A_m: n=130528  S={'s': 0.671, 'l': 4.188}  C={'s': 0.651, 'l': 0.285}
  B_m: n=25766  S={'s': 0.675, 'l': 4.094}  C={'s': 0.618, 'l': 0.299}
  A_f: n=130528  S={'s': 0.612, 'l': 3.71}  C={'s': 0.542, 'l': 0.263}
  B_f: n=25766  S={'s': 0.582, 'l': 3.507}  C={'s': 0.553, 'l': 0.262}
  q per year: {'s': 1.037, 'l': 0.072}
wrote C:\Users\richa\OneDrive - Nexus365\Documents\HPV sim Project\Summer\csvs\r0_validation_powerlaw_hpv16_seed1_sf0.002.json
