HPVsim 2.2.4 (2025-08-20) — © 2023-2025 by IDM
['C:\\Users\\richa\\OneDrive - Nexus365\\Documents\\HPV sim Project\\Summer\\hpvsim_working']
Loading location-specific demographic data for "united kingdom"
Interpretable -> runtime parameters  [age+community bipartite dcSBM]
  N_U=76930  N_V=76929
  partners/yr = 1.5  ->  momentary mean degree k_snap = 1.2777
  Gamma shape: U=2.05  V=2.05   theta_floor=0.0  (CV_U=0.70)
  durations: short=12.3 (q=0.0813), long=239.0 (q=0.0042); standing long-frac target=0.8662
  communities=1, age bands=16 (edges=(5.0, 10.0, 15.0, 20.0, 25.0, 30.0, 35.0, 40.0, 45.0, 50.0, 55.0, 60.0, 65.0, 70.0, 75.0)); blocks=16
  rho=1.660810e-05  (should be << 1)

=== powerlaw / hpv16  (200000 agents, seed 0, sim 444s, estimate 17s) ===
ground truth R0 = 3.979 ± 0.352   (cases by type {'A_m': 859, 'B_m': 56, 'A_f': 1109, 'B_f': 67})
   counting reinfections too: R0 = 8.338;  prevalence after cohort 4.02%
window  R0 = 5.405
closed  R0 = 5.887
params  R0 = 15.605   (h = 1+CV^2 = 10.76)
K rows/cols = offspring/parent types ('A_m', 'B_m', 'A_f', 'B_f')
truth:
[[0.    0.    2.422 2.075]
 [0.    0.    1.495 0.955]
 [3.254 4.375 0.    0.   ]
 [0.568 0.321 0.    0.   ]]
window:
[[0.    0.    3.084 3.066]
 [0.    0.    2.093 2.165]
 [4.928 4.493 0.    0.   ]
 [0.882 0.884 0.    0.   ]]
closed:
[[0.    0.    3.165 3.175]
 [0.    0.    2.798 2.848]
 [5.129 4.702 0.    0.   ]
 [0.885 0.862 0.    0.   ]]
  A_m: n=131131  S={'s': 0.809, 'l': 4.933}  C={'s': 0.708, 'l': 0.316}
  B_m: n=25599  S={'s': 0.761, 'l': 4.502}  C={'s': 0.682, 'l': 0.315}
  A_f: n=131131  S={'s': 0.636, 'l': 3.789}  C={'s': 0.587, 'l': 0.277}
  B_f: n=25599  S={'s': 0.657, 'l': 3.783}  C={'s': 0.603, 'l': 0.276}
  q per year: {'s': 1.045, 'l': 0.074}
wrote C:\Users\richa\OneDrive - Nexus365\Documents\HPV sim Project\Summer\csvs\r0_validation_powerlaw_hpv16_seed0_sf0.01.json
