HPVsim 2.2.4 (2025-08-20) — © 2023-2025 by IDM
['C:\\Users\\richa\\OneDrive - Nexus365\\Documents\\HPV sim Project\\Summer\\hpvsim_working']
Loading location-specific demographic data for "united kingdom"
Interpretable -> runtime parameters  [age+community bipartite dcSBM]
  N_U=76930  N_V=76929
  partners/yr = 1.5  ->  momentary mean degree k_snap = 1.2777
  Gamma shape: U=2.05  V=2.05   theta_floor=0.0  (CV_U=0.70)
  durations: short=12.3 (q=0.0813), long=239.0 (q=0.0042); standing long-frac target=0.8662
  communities=1, age bands=16 (edges=(5.0, 10.0, 15.0, 20.0, 25.0, 30.0, 35.0, 40.0, 45.0, 50.0, 55.0, 60.0, 65.0, 70.0, 75.0)); blocks=16
  rho=1.660810e-05  (should be << 1)

=== powerlaw / hpv16  (200000 agents, seed 0, sim 421s, estimate 15s) ===
ground truth R0 = 5.544 ± 0.779   (cases by type {'A_m': 175, 'B_m': 17, 'A_f': 221, 'B_f': 11})
   counting reinfections too: R0 = 11.905;  prevalence after cohort 1.11%
window  R0 = 5.372
closed  R0 = 5.839
params  R0 = 15.589   (h = 1+CV^2 = 10.76)
K rows/cols = offspring/parent types ('A_m', 'B_m', 'A_f', 'B_f')
truth:
[[0.    0.    2.253 3.   ]
 [0.    0.    1.181 2.091]
 [7.383 5.941 0.    0.   ]
 [1.24  1.706 0.    0.   ]]
window:
[[0.    0.    3.07  2.951]
 [0.    0.    2.047 2.056]
 [4.939 4.495 0.    0.   ]
 [0.895 0.904 0.    0.   ]]
closed:
[[0.    0.    3.167 3.066]
 [0.    0.    2.685 2.696]
 [5.166 4.692 0.    0.   ]
 [0.887 0.899 0.    0.   ]]
  A_m: n=131134  S={'s': 0.838, 'l': 4.94}  C={'s': 0.701, 'l': 0.325}
  B_m: n=25808  S={'s': 0.787, 'l': 4.462}  C={'s': 0.719, 'l': 0.321}
  A_f: n=131134  S={'s': 0.618, 'l': 3.792}  C={'s': 0.577, 'l': 0.261}
  B_f: n=25808  S={'s': 0.627, 'l': 3.647}  C={'s': 0.577, 'l': 0.265}
  q per year: {'s': 1.048, 'l': 0.076}
wrote C:\Users\richa\OneDrive - Nexus365\Documents\HPV sim Project\Summer\csvs\r0_validation_powerlaw_hpv16_seed0_sf0.002.json
